[0.087s] Invoking command in '/root/ros2_ws/build/tee_probe': CMAKE_PREFIX_PATH=${CMAKE_PREFIX_PATH}:/opt/ros/humble /usr/bin/cmake --build /root/ros2_ws/build/tee_probe -- -j8 -l8
[0.502s] Invoked command in '/root/ros2_ws/build/tee_probe' returned '0': CMAKE_PREFIX_PATH=${CMAKE_PREFIX_PATH}:/opt/ros/humble /usr/bin/cmake --build /root/ros2_ws/build/tee_probe -- -j8 -l8
[0.582s] Invoking command in '/root/ros2_ws/build/tee_probe': CMAKE_PREFIX_PATH=${CMAKE_PREFIX_PATH}:/opt/ros/humble /usr/bin/cmake --install /root/ros2_ws/build/tee_probe
[0.673s] -- Install configuration: ""
[0.673s] -- Up-to-date: /root/ros2_ws/install/tee_probe/share/tee_probe//launch
[0.674s] -- Up-to-date: /root/ros2_ws/install/tee_probe/share/tee_probe//launch/tee_simulation.launch.py
[0.675s] -- Up-to-date: /root/ros2_ws/install/tee_probe/share/tee_probe//launch/tee_training.launch.py
[0.676s] -- Up-to-date: /root/ros2_ws/install/tee_probe/share/tee_probe//config
[0.676s] -- Up-to-date: /root/ros2_ws/install/tee_probe/share/tee_probe//config/tee_controllers.yaml
[0.677s] -- Up-to-date: /root/ros2_ws/install/tee_probe/share/tee_probe//urdf
[0.678s] -- Installing: /root/ros2_ws/install/tee_probe/share/tee_probe//urdf/tee_probe.urdf
[0.684s] -- Up-to-date: /root/ros2_ws/install/tee_probe/share/tee_probe//scripts
[0.686s] -- Up-to-date: /root/ros2_ws/install/tee_probe/share/tee_probe//scripts/train_tee_probe.py
[0.686s] -- Up-to-date: /root/ros2_ws/install/tee_probe/share/tee_probe//scripts/drl_controller_node.py
[0.687s] -- Up-to-date: /root/ros2_ws/install/tee_probe/share/tee_probe//scripts/manual_control_node.py
[0.687s] -- Up-to-date: /root/ros2_ws/install/tee_probe/share/tee_probe//scripts/tee_probe_env.py
[0.688s] -- Up-to-date: /root/ros2_ws/install/tee_probe/share/tee_probe//models
[0.688s] -- Up-to-date: /root/ros2_ws/install/tee_probe/lib/tee_probe/drl_controller_node.py
[0.689s] -- Up-to-date: /root/ros2_ws/install/tee_probe/lib/tee_probe/tee_probe_env.py
[0.689s] -- Up-to-date: /root/ros2_ws/install/tee_probe/lib/tee_probe/train_tee_probe.py
[0.690s] -- Up-to-date: /root/ros2_ws/install/tee_probe/lib/tee_probe/manual_control_node.py
[0.690s] -- Up-to-date: /root/ros2_ws/install/tee_probe/share/ament_index/resource_index/package_run_dependencies/tee_probe
[0.691s] -- Up-to-date: /root/ros2_ws/install/tee_probe/share/ament_index/resource_index/parent_prefix_path/tee_probe
[0.691s] -- Up-to-date: /root/ros2_ws/install/tee_probe/share/tee_probe/environment/ament_prefix_path.sh
[0.692s] -- Up-to-date: /root/ros2_ws/install/tee_probe/share/tee_probe/environment/ament_prefix_path.dsv
[0.692s] -- Up-to-date: /root/ros2_ws/install/tee_probe/share/tee_probe/environment/path.sh
[0.693s] -- Up-to-date: /root/ros2_ws/install/tee_probe/share/tee_probe/environment/path.dsv
[0.693s] -- Up-to-date: /root/ros2_ws/install/tee_probe/share/tee_probe/local_setup.bash
[0.694s] -- Up-to-date: /root/ros2_ws/install/tee_probe/share/tee_probe/local_setup.sh
[0.695s] -- Up-to-date: /root/ros2_ws/install/tee_probe/share/tee_probe/local_setup.zsh
[0.695s] -- Up-to-date: /root/ros2_ws/install/tee_probe/share/tee_probe/local_setup.dsv
[0.695s] -- Up-to-date: /root/ros2_ws/install/tee_probe/share/tee_probe/package.dsv
[0.696s] -- Up-to-date: /root/ros2_ws/install/tee_probe/share/ament_index/resource_index/packages/tee_probe
[0.696s] -- Up-to-date: /root/ros2_ws/install/tee_probe/share/tee_probe/cmake/tee_probeConfig.cmake
[0.697s] -- Up-to-date: /root/ros2_ws/install/tee_probe/share/tee_probe/cmake/tee_probeConfig-version.cmake
[0.697s] -- Up-to-date: /root/ros2_ws/install/tee_probe/share/tee_probe/package.xml
[0.711s] Invoked command in '/root/ros2_ws/build/tee_probe' returned '0': CMAKE_PREFIX_PATH=${CMAKE_PREFIX_PATH}:/opt/ros/humble /usr/bin/cmake --install /root/ros2_ws/build/tee_probe
