[0.074s] Invoking command in '/root/ros2_ws/build/tee_probe': CMAKE_PREFIX_PATH=${CMAKE_PREFIX_PATH}:/opt/ros/humble /usr/bin/cmake /root/ros2_ws/src/tee_probe -DCMAKE_INSTALL_PREFIX=/root/ros2_ws/install/tee_probe
[0.777s] -- The C compiler identification is GNU 11.4.0
[1.325s] -- The CXX compiler identification is GNU 11.4.0
[1.370s] -- Detecting C compiler ABI info
[2.273s] -- Detecting C compiler ABI info - done
[2.302s] -- Check for working C compiler: /usr/bin/cc - skipped
[2.302s] -- Detecting C compile features
[2.303s] -- Detecting C compile features - done
[2.308s] -- Detecting CXX compiler ABI info
[3.142s] -- Detecting CXX compiler ABI info - done
[3.169s] -- Check for working CXX compiler: /usr/bin/c++ - skipped
[3.169s] -- Detecting CXX compile features
[3.170s] -- Detecting CXX compile features - done
[3.183s] -- Found ament_cmake: 1.3.12 (/opt/ros/humble/share/ament_cmake/cmake)
[4.169s] -- Found Python3: /usr/bin/python3 (found version "3.10.12") found components: Interpreter 
[4.463s] -- Found rclpy: 3.3.19 (/opt/ros/humble/share/rclpy/cmake)
[4.464s] -- Found std_msgs: 4.9.0 (/opt/ros/humble/share/std_msgs/cmake)
[4.511s] -- Found rosidl_generator_c: 3.1.8 (/opt/ros/humble/share/rosidl_generator_c/cmake)
[4.521s] -- Found rosidl_adapter: 3.1.8 (/opt/ros/humble/share/rosidl_adapter/cmake)
[4.530s] -- Found rosidl_generator_cpp: 3.1.8 (/opt/ros/humble/share/rosidl_generator_cpp/cmake)
[4.545s] -- Using all available rosidl_typesupport_c: rosidl_typesupport_fastrtps_c;rosidl_typesupport_introspection_c
[4.565s] -- Using all available rosidl_typesupport_cpp: rosidl_typesupport_fastrtps_cpp;rosidl_typesupport_introspection_cpp
[4.603s] -- Found sensor_msgs: 4.9.0 (/opt/ros/humble/share/sensor_msgs/cmake)
[4.651s] -- Found ament_lint_auto: 0.12.14 (/opt/ros/humble/share/ament_lint_auto/cmake)
[4.913s] -- Configuring done
[4.942s] -- Generating done
[4.969s] -- Build files have been written to: /root/ros2_ws/build/tee_probe
[4.978s] Invoked command in '/root/ros2_ws/build/tee_probe' returned '0': CMAKE_PREFIX_PATH=${CMAKE_PREFIX_PATH}:/opt/ros/humble /usr/bin/cmake /root/ros2_ws/src/tee_probe -DCMAKE_INSTALL_PREFIX=/root/ros2_ws/install/tee_probe
[4.983s] Invoking command in '/root/ros2_ws/build/tee_probe': CMAKE_PREFIX_PATH=${CMAKE_PREFIX_PATH}:/opt/ros/humble /usr/bin/cmake --build /root/ros2_ws/build/tee_probe -- -j8 -l8
[5.367s] Invoked command in '/root/ros2_ws/build/tee_probe' returned '0': CMAKE_PREFIX_PATH=${CMAKE_PREFIX_PATH}:/opt/ros/humble /usr/bin/cmake --build /root/ros2_ws/build/tee_probe -- -j8 -l8
[5.445s] Invoking command in '/root/ros2_ws/build/tee_probe': CMAKE_PREFIX_PATH=${CMAKE_PREFIX_PATH}:/opt/ros/humble /usr/bin/cmake --install /root/ros2_ws/build/tee_probe
[5.528s] -- Install configuration: ""
[5.529s] -- Installing: /root/ros2_ws/install/tee_probe/share/tee_probe//launch
[5.532s] -- Installing: /root/ros2_ws/install/tee_probe/share/tee_probe//launch/tee_simulation.launch.py
[5.537s] -- Installing: /root/ros2_ws/install/tee_probe/share/tee_probe//launch/tee_training.launch.py
[5.540s] -- Installing: /root/ros2_ws/install/tee_probe/share/tee_probe//config
[5.542s] -- Installing: /root/ros2_ws/install/tee_probe/share/tee_probe//config/tee_controllers.yaml
[5.544s] -- Installing: /root/ros2_ws/install/tee_probe/share/tee_probe//urdf
[5.545s] -- Installing: /root/ros2_ws/install/tee_probe/share/tee_probe//urdf/tee_probe.urdf
[5.547s] -- Installing: /root/ros2_ws/install/tee_probe/share/tee_probe//scripts
[5.548s] -- Installing: /root/ros2_ws/install/tee_probe/share/tee_probe//scripts/train_tee_probe.py
[5.550s] -- Installing: /root/ros2_ws/install/tee_probe/share/tee_probe//scripts/drl_controller_node.py
[5.553s] -- Installing: /root/ros2_ws/install/tee_probe/share/tee_probe//scripts/manual_control_node.py
[5.555s] -- Installing: /root/ros2_ws/install/tee_probe/share/tee_probe//scripts/tee_probe_env.py
[5.557s] -- Installing: /root/ros2_ws/install/tee_probe/share/tee_probe//models
[5.559s] -- Installing: /root/ros2_ws/install/tee_probe/lib/tee_probe/drl_controller_node.py
[5.561s] -- Installing: /root/ros2_ws/install/tee_probe/lib/tee_probe/tee_probe_env.py
[5.563s] -- Installing: /root/ros2_ws/install/tee_probe/lib/tee_probe/train_tee_probe.py
[5.565s] -- Installing: /root/ros2_ws/install/tee_probe/lib/tee_probe/manual_control_node.py
[5.568s] -- Installing: /root/ros2_ws/install/tee_probe/share/ament_index/resource_index/package_run_dependencies/tee_probe
[5.570s] -- Installing: /root/ros2_ws/install/tee_probe/share/ament_index/resource_index/parent_prefix_path/tee_probe
[5.572s] -- Installing: /root/ros2_ws/install/tee_probe/share/tee_probe/environment/ament_prefix_path.sh
[5.574s] -- Installing: /root/ros2_ws/install/tee_probe/share/tee_probe/environment/ament_prefix_path.dsv
[5.576s] -- Installing: /root/ros2_ws/install/tee_probe/share/tee_probe/environment/path.sh
[5.578s] -- Installing: /root/ros2_ws/install/tee_probe/share/tee_probe/environment/path.dsv
[5.580s] -- Installing: /root/ros2_ws/install/tee_probe/share/tee_probe/local_setup.bash
[5.582s] -- Installing: /root/ros2_ws/install/tee_probe/share/tee_probe/local_setup.sh
[5.584s] -- Installing: /root/ros2_ws/install/tee_probe/share/tee_probe/local_setup.zsh
[5.586s] -- Installing: /root/ros2_ws/install/tee_probe/share/tee_probe/local_setup.dsv
[5.588s] -- Installing: /root/ros2_ws/install/tee_probe/share/tee_probe/package.dsv
[5.591s] -- Installing: /root/ros2_ws/install/tee_probe/share/ament_index/resource_index/packages/tee_probe
[5.593s] -- Installing: /root/ros2_ws/install/tee_probe/share/tee_probe/cmake/tee_probeConfig.cmake
[5.595s] -- Installing: /root/ros2_ws/install/tee_probe/share/tee_probe/cmake/tee_probeConfig-version.cmake
[5.597s] -- Installing: /root/ros2_ws/install/tee_probe/share/tee_probe/package.xml
[5.611s] Invoked command in '/root/ros2_ws/build/tee_probe' returned '0': CMAKE_PREFIX_PATH=${CMAKE_PREFIX_PATH}:/opt/ros/humble /usr/bin/cmake --install /root/ros2_ws/build/tee_probe
