[0.049s] Invoking command in '/root/ros2_ws/build/tee_probe': /usr/bin/cmake --build /root/ros2_ws/build/tee_probe -- -j8 -l8
[0.325s] Invoked command in '/root/ros2_ws/build/tee_probe' returned '0': /usr/bin/cmake --build /root/ros2_ws/build/tee_probe -- -j8 -l8
[0.369s] Invoking command in '/root/ros2_ws/build/tee_probe': /usr/bin/cmake --install /root/ros2_ws/build/tee_probe
[0.416s] -- Install configuration: ""
[0.418s] -- Up-to-date: /root/ros2_ws/install/tee_probe/share/tee_probe//launch
[0.419s] -- Up-to-date: /root/ros2_ws/install/tee_probe/share/tee_probe//launch/tee_simulation.launch.py
[0.420s] -- Up-to-date: /root/ros2_ws/install/tee_probe/share/tee_probe//launch/tee_training.launch.py
[0.420s] -- Up-to-date: /root/ros2_ws/install/tee_probe/share/tee_probe//config
[0.420s] -- Up-to-date: /root/ros2_ws/install/tee_probe/share/tee_probe//config/tee_controllers.yaml
[0.421s] -- Up-to-date: /root/ros2_ws/install/tee_probe/share/tee_probe//urdf
[0.421s] -- Up-to-date: /root/ros2_ws/install/tee_probe/share/tee_probe//urdf/tee_probe.urdf
[0.422s] -- Up-to-date: /root/ros2_ws/install/tee_probe/share/tee_probe//scripts
[0.423s] -- Up-to-date: /root/ros2_ws/install/tee_probe/share/tee_probe//scripts/train_tee_probe.py
[0.423s] -- Up-to-date: /root/ros2_ws/install/tee_probe/share/tee_probe//scripts/drl_controller_node.py
[0.423s] -- Up-to-date: /root/ros2_ws/install/tee_probe/share/tee_probe//scripts/manual_control_node.py
[0.423s] -- Up-to-date: /root/ros2_ws/install/tee_probe/share/tee_probe//scripts/tee_probe_env.py
[0.424s] -- Up-to-date: /root/ros2_ws/install/tee_probe/share/tee_probe//models
[0.424s] -- Up-to-date: /root/ros2_ws/install/tee_probe/lib/tee_probe/drl_controller_node.py
[0.425s] -- Up-to-date: /root/ros2_ws/install/tee_probe/lib/tee_probe/tee_probe_env.py
[0.425s] -- Up-to-date: /root/ros2_ws/install/tee_probe/lib/tee_probe/train_tee_probe.py
[0.425s] -- Up-to-date: /root/ros2_ws/install/tee_probe/lib/tee_probe/manual_control_node.py
[0.426s] -- Up-to-date: /root/ros2_ws/install/tee_probe/share/ament_index/resource_index/package_run_dependencies/tee_probe
[0.426s] -- Up-to-date: /root/ros2_ws/install/tee_probe/share/ament_index/resource_index/parent_prefix_path/tee_probe
[0.427s] -- Up-to-date: /root/ros2_ws/install/tee_probe/share/tee_probe/environment/ament_prefix_path.sh
[0.427s] -- Up-to-date: /root/ros2_ws/install/tee_probe/share/tee_probe/environment/ament_prefix_path.dsv
[0.427s] -- Up-to-date: /root/ros2_ws/install/tee_probe/share/tee_probe/environment/path.sh
[0.428s] -- Up-to-date: /root/ros2_ws/install/tee_probe/share/tee_probe/environment/path.dsv
[0.428s] -- Up-to-date: /root/ros2_ws/install/tee_probe/share/tee_probe/local_setup.bash
[0.429s] -- Up-to-date: /root/ros2_ws/install/tee_probe/share/tee_probe/local_setup.sh
[0.429s] -- Up-to-date: /root/ros2_ws/install/tee_probe/share/tee_probe/local_setup.zsh
[0.429s] -- Up-to-date: /root/ros2_ws/install/tee_probe/share/tee_probe/local_setup.dsv
[0.430s] -- Installing: /root/ros2_ws/install/tee_probe/share/tee_probe/package.dsv
[0.432s] -- Up-to-date: /root/ros2_ws/install/tee_probe/share/ament_index/resource_index/packages/tee_probe
[0.433s] -- Up-to-date: /root/ros2_ws/install/tee_probe/share/tee_probe/cmake/tee_probeConfig.cmake
[0.433s] -- Up-to-date: /root/ros2_ws/install/tee_probe/share/tee_probe/cmake/tee_probeConfig-version.cmake
[0.434s] -- Up-to-date: /root/ros2_ws/install/tee_probe/share/tee_probe/package.xml
[0.440s] Invoked command in '/root/ros2_ws/build/tee_probe' returned '0': /usr/bin/cmake --install /root/ros2_ws/build/tee_probe
