[0.215s] DEBUG:colcon:Command line arguments: ['/usr/bin/colcon', 'build', '--packages-select', 'tee_probe']
[0.215s] DEBUG:colcon:Parsed command line arguments: Namespace(log_base=None, log_level=None, verb_name='build', build_base='build', install_base='install', merge_install=False, symlink_install=False, test_result_base=None, continue_on_error=False, executor='parallel', parallel_workers=4, event_handlers=None, ignore_user_meta=False, metas=['./colcon.meta'], base_paths=['.'], packages_ignore=None, packages_ignore_regex=None, paths=None, packages_up_to=None, packages_up_to_regex=None, packages_above=None, packages_above_and_dependencies=None, packages_above_depth=None, packages_select_by_dep=None, packages_skip_by_dep=None, packages_skip_up_to=None, packages_select_build_failed=False, packages_skip_build_finished=False, packages_select_test_failures=False, packages_skip_test_passed=False, packages_select=['tee_probe'], packages_skip=None, packages_select_regex=None, packages_skip_regex=None, packages_start=None, packages_end=None, cmake_args=None, cmake_target=None, cmake_target_skip_unavailable=False, cmake_clean_cache=False, cmake_clean_first=False, cmake_force_configure=False, ament_cmake_args=None, catkin_cmake_args=None, catkin_skip_building_tests=False, mixin_files=None, mixin=None, verb_parser=<colcon_mixin.mixin.mixin_argument.MixinArgumentDecorator object at 0x7f49da3e37f0>, verb_extension=<colcon_core.verb.build.BuildVerb object at 0x7f49da324a90>, main=<bound method BuildVerb.main of <colcon_core.verb.build.BuildVerb object at 0x7f49da324a90>>, mixin_verb=('build',))
[0.553s] Level 1:colcon.colcon_core.package_discovery:discover_packages(colcon_meta) check parameters
[0.553s] Level 1:colcon.colcon_core.package_discovery:discover_packages(recursive) check parameters
[0.553s] Level 1:colcon.colcon_core.package_discovery:discover_packages(ignore) check parameters
[0.554s] Level 1:colcon.colcon_core.package_discovery:discover_packages(path) check parameters
[0.554s] Level 1:colcon.colcon_core.package_discovery:discover_packages(colcon_meta) discover
[0.554s] Level 1:colcon.colcon_core.package_discovery:discover_packages(recursive) discover
[0.554s] INFO:colcon.colcon_core.package_discovery:Crawling recursively for packages in '/uio/hume/student-u78/nikithan/tee_probe_ws/ros2_ws'
[0.554s] Level 1:colcon.colcon_core.package_identification:_identify(.) by extensions ['ignore', 'ignore_ament_install']
[0.554s] Level 1:colcon.colcon_core.package_identification:_identify(.) by extension 'ignore'
[0.554s] Level 1:colcon.colcon_core.package_identification:_identify(.) by extension 'ignore_ament_install'
[0.554s] Level 1:colcon.colcon_core.package_identification:_identify(.) by extensions ['colcon_pkg']
[0.554s] Level 1:colcon.colcon_core.package_identification:_identify(.) by extension 'colcon_pkg'
[0.554s] Level 1:colcon.colcon_core.package_identification:_identify(.) by extensions ['colcon_meta']
[0.554s] Level 1:colcon.colcon_core.package_identification:_identify(.) by extension 'colcon_meta'
[0.555s] Level 1:colcon.colcon_core.package_identification:_identify(.) by extensions ['ros']
[0.555s] Level 1:colcon.colcon_core.package_identification:_identify(.) by extension 'ros'
[0.568s] Level 1:colcon.colcon_core.package_identification:_identify(.) by extensions ['cmake', 'python']
[0.568s] Level 1:colcon.colcon_core.package_identification:_identify(.) by extension 'cmake'
[0.568s] Level 1:colcon.colcon_core.package_identification:_identify(.) by extension 'python'
[0.568s] Level 1:colcon.colcon_core.package_identification:_identify(.) by extensions ['python_setup_py']
[0.568s] Level 1:colcon.colcon_core.package_identification:_identify(.) by extension 'python_setup_py'
[0.568s] Level 1:colcon.colcon_core.package_identification:_identify(build) by extensions ['ignore', 'ignore_ament_install']
[0.568s] Level 1:colcon.colcon_core.package_identification:_identify(build) by extension 'ignore'
[0.568s] Level 1:colcon.colcon_core.package_identification:_identify(build) ignored
[0.569s] Level 1:colcon.colcon_core.package_identification:_identify(install) by extensions ['ignore', 'ignore_ament_install']
[0.569s] Level 1:colcon.colcon_core.package_identification:_identify(install) by extension 'ignore'
[0.569s] Level 1:colcon.colcon_core.package_identification:_identify(install) ignored
[0.569s] Level 1:colcon.colcon_core.package_identification:_identify(log) by extensions ['ignore', 'ignore_ament_install']
[0.569s] Level 1:colcon.colcon_core.package_identification:_identify(log) by extension 'ignore'
[0.569s] Level 1:colcon.colcon_core.package_identification:_identify(log) ignored
[0.569s] Level 1:colcon.colcon_core.package_identification:_identify(logs) by extensions ['ignore', 'ignore_ament_install']
[0.569s] Level 1:colcon.colcon_core.package_identification:_identify(logs) by extension 'ignore'
[0.570s] Level 1:colcon.colcon_core.package_identification:_identify(logs) by extension 'ignore_ament_install'
[0.570s] Level 1:colcon.colcon_core.package_identification:_identify(logs) by extensions ['colcon_pkg']
[0.570s] Level 1:colcon.colcon_core.package_identification:_identify(logs) by extension 'colcon_pkg'
[0.570s] Level 1:colcon.colcon_core.package_identification:_identify(logs) by extensions ['colcon_meta']
[0.570s] Level 1:colcon.colcon_core.package_identification:_identify(logs) by extension 'colcon_meta'
[0.570s] Level 1:colcon.colcon_core.package_identification:_identify(logs) by extensions ['ros']
[0.570s] Level 1:colcon.colcon_core.package_identification:_identify(logs) by extension 'ros'
[0.571s] Level 1:colcon.colcon_core.package_identification:_identify(logs) by extensions ['cmake', 'python']
[0.571s] Level 1:colcon.colcon_core.package_identification:_identify(logs) by extension 'cmake'
[0.571s] Level 1:colcon.colcon_core.package_identification:_identify(logs) by extension 'python'
[0.571s] Level 1:colcon.colcon_core.package_identification:_identify(logs) by extensions ['python_setup_py']
[0.571s] Level 1:colcon.colcon_core.package_identification:_identify(logs) by extension 'python_setup_py'
[0.617s] Level 1:colcon.colcon_core.package_identification:_identify(logs/td3_tee_probe) by extensions ['ignore', 'ignore_ament_install']
[0.617s] Level 1:colcon.colcon_core.package_identification:_identify(logs/td3_tee_probe) by extension 'ignore'
[0.618s] Level 1:colcon.colcon_core.package_identification:_identify(logs/td3_tee_probe) by extension 'ignore_ament_install'
[0.618s] Level 1:colcon.colcon_core.package_identification:_identify(logs/td3_tee_probe) by extensions ['colcon_pkg']
[0.618s] Level 1:colcon.colcon_core.package_identification:_identify(logs/td3_tee_probe) by extension 'colcon_pkg'
[0.618s] Level 1:colcon.colcon_core.package_identification:_identify(logs/td3_tee_probe) by extensions ['colcon_meta']
[0.618s] Level 1:colcon.colcon_core.package_identification:_identify(logs/td3_tee_probe) by extension 'colcon_meta'
[0.618s] Level 1:colcon.colcon_core.package_identification:_identify(logs/td3_tee_probe) by extensions ['ros']
[0.618s] Level 1:colcon.colcon_core.package_identification:_identify(logs/td3_tee_probe) by extension 'ros'
[0.619s] Level 1:colcon.colcon_core.package_identification:_identify(logs/td3_tee_probe) by extensions ['cmake', 'python']
[0.619s] Level 1:colcon.colcon_core.package_identification:_identify(logs/td3_tee_probe) by extension 'cmake'
[0.619s] Level 1:colcon.colcon_core.package_identification:_identify(logs/td3_tee_probe) by extension 'python'
[0.619s] Level 1:colcon.colcon_core.package_identification:_identify(logs/td3_tee_probe) by extensions ['python_setup_py']
[0.619s] Level 1:colcon.colcon_core.package_identification:_identify(logs/td3_tee_probe) by extension 'python_setup_py'
[0.620s] Level 1:colcon.colcon_core.package_identification:_identify(logs/td3_tee_probe/TD3_1) by extensions ['ignore', 'ignore_ament_install']
[0.621s] Level 1:colcon.colcon_core.package_identification:_identify(logs/td3_tee_probe/TD3_1) by extension 'ignore'
[0.621s] Level 1:colcon.colcon_core.package_identification:_identify(logs/td3_tee_probe/TD3_1) by extension 'ignore_ament_install'
[0.621s] Level 1:colcon.colcon_core.package_identification:_identify(logs/td3_tee_probe/TD3_1) by extensions ['colcon_pkg']
[0.621s] Level 1:colcon.colcon_core.package_identification:_identify(logs/td3_tee_probe/TD3_1) by extension 'colcon_pkg'
[0.621s] Level 1:colcon.colcon_core.package_identification:_identify(logs/td3_tee_probe/TD3_1) by extensions ['colcon_meta']
[0.621s] Level 1:colcon.colcon_core.package_identification:_identify(logs/td3_tee_probe/TD3_1) by extension 'colcon_meta'
[0.621s] Level 1:colcon.colcon_core.package_identification:_identify(logs/td3_tee_probe/TD3_1) by extensions ['ros']
[0.621s] Level 1:colcon.colcon_core.package_identification:_identify(logs/td3_tee_probe/TD3_1) by extension 'ros'
[0.622s] Level 1:colcon.colcon_core.package_identification:_identify(logs/td3_tee_probe/TD3_1) by extensions ['cmake', 'python']
[0.622s] Level 1:colcon.colcon_core.package_identification:_identify(logs/td3_tee_probe/TD3_1) by extension 'cmake'
[0.622s] Level 1:colcon.colcon_core.package_identification:_identify(logs/td3_tee_probe/TD3_1) by extension 'python'
[0.622s] Level 1:colcon.colcon_core.package_identification:_identify(logs/td3_tee_probe/TD3_1) by extensions ['python_setup_py']
[0.622s] Level 1:colcon.colcon_core.package_identification:_identify(logs/td3_tee_probe/TD3_1) by extension 'python_setup_py'
[0.647s] Level 1:colcon.colcon_core.package_identification:_identify(logs/td3_tee_probe/TD3_2) by extensions ['ignore', 'ignore_ament_install']
[0.647s] Level 1:colcon.colcon_core.package_identification:_identify(logs/td3_tee_probe/TD3_2) by extension 'ignore'
[0.647s] Level 1:colcon.colcon_core.package_identification:_identify(logs/td3_tee_probe/TD3_2) by extension 'ignore_ament_install'
[0.648s] Level 1:colcon.colcon_core.package_identification:_identify(logs/td3_tee_probe/TD3_2) by extensions ['colcon_pkg']
[0.648s] Level 1:colcon.colcon_core.package_identification:_identify(logs/td3_tee_probe/TD3_2) by extension 'colcon_pkg'
[0.648s] Level 1:colcon.colcon_core.package_identification:_identify(logs/td3_tee_probe/TD3_2) by extensions ['colcon_meta']
[0.648s] Level 1:colcon.colcon_core.package_identification:_identify(logs/td3_tee_probe/TD3_2) by extension 'colcon_meta'
[0.648s] Level 1:colcon.colcon_core.package_identification:_identify(logs/td3_tee_probe/TD3_2) by extensions ['ros']
[0.648s] Level 1:colcon.colcon_core.package_identification:_identify(logs/td3_tee_probe/TD3_2) by extension 'ros'
[0.648s] Level 1:colcon.colcon_core.package_identification:_identify(logs/td3_tee_probe/TD3_2) by extensions ['cmake', 'python']
[0.648s] Level 1:colcon.colcon_core.package_identification:_identify(logs/td3_tee_probe/TD3_2) by extension 'cmake'
[0.649s] Level 1:colcon.colcon_core.package_identification:_identify(logs/td3_tee_probe/TD3_2) by extension 'python'
[0.649s] Level 1:colcon.colcon_core.package_identification:_identify(logs/td3_tee_probe/TD3_2) by extensions ['python_setup_py']
[0.649s] Level 1:colcon.colcon_core.package_identification:_identify(logs/td3_tee_probe/TD3_2) by extension 'python_setup_py'
[0.656s] Level 1:colcon.colcon_core.package_identification:_identify(logs/td3_tee_probe/TD3_3) by extensions ['ignore', 'ignore_ament_install']
[0.656s] Level 1:colcon.colcon_core.package_identification:_identify(logs/td3_tee_probe/TD3_3) by extension 'ignore'
[0.656s] Level 1:colcon.colcon_core.package_identification:_identify(logs/td3_tee_probe/TD3_3) by extension 'ignore_ament_install'
[0.656s] Level 1:colcon.colcon_core.package_identification:_identify(logs/td3_tee_probe/TD3_3) by extensions ['colcon_pkg']
[0.656s] Level 1:colcon.colcon_core.package_identification:_identify(logs/td3_tee_probe/TD3_3) by extension 'colcon_pkg'
[0.656s] Level 1:colcon.colcon_core.package_identification:_identify(logs/td3_tee_probe/TD3_3) by extensions ['colcon_meta']
[0.656s] Level 1:colcon.colcon_core.package_identification:_identify(logs/td3_tee_probe/TD3_3) by extension 'colcon_meta'
[0.656s] Level 1:colcon.colcon_core.package_identification:_identify(logs/td3_tee_probe/TD3_3) by extensions ['ros']
[0.656s] Level 1:colcon.colcon_core.package_identification:_identify(logs/td3_tee_probe/TD3_3) by extension 'ros'
[0.657s] Level 1:colcon.colcon_core.package_identification:_identify(logs/td3_tee_probe/TD3_3) by extensions ['cmake', 'python']
[0.657s] Level 1:colcon.colcon_core.package_identification:_identify(logs/td3_tee_probe/TD3_3) by extension 'cmake'
[0.657s] Level 1:colcon.colcon_core.package_identification:_identify(logs/td3_tee_probe/TD3_3) by extension 'python'
[0.657s] Level 1:colcon.colcon_core.package_identification:_identify(logs/td3_tee_probe/TD3_3) by extensions ['python_setup_py']
[0.657s] Level 1:colcon.colcon_core.package_identification:_identify(logs/td3_tee_probe/TD3_3) by extension 'python_setup_py'
[0.668s] Level 1:colcon.colcon_core.package_identification:_identify(logs/td3_tee_probe/TD3_4) by extensions ['ignore', 'ignore_ament_install']
[0.668s] Level 1:colcon.colcon_core.package_identification:_identify(logs/td3_tee_probe/TD3_4) by extension 'ignore'
[0.668s] Level 1:colcon.colcon_core.package_identification:_identify(logs/td3_tee_probe/TD3_4) by extension 'ignore_ament_install'
[0.669s] Level 1:colcon.colcon_core.package_identification:_identify(logs/td3_tee_probe/TD3_4) by extensions ['colcon_pkg']
[0.669s] Level 1:colcon.colcon_core.package_identification:_identify(logs/td3_tee_probe/TD3_4) by extension 'colcon_pkg'
[0.669s] Level 1:colcon.colcon_core.package_identification:_identify(logs/td3_tee_probe/TD3_4) by extensions ['colcon_meta']
[0.669s] Level 1:colcon.colcon_core.package_identification:_identify(logs/td3_tee_probe/TD3_4) by extension 'colcon_meta'
[0.669s] Level 1:colcon.colcon_core.package_identification:_identify(logs/td3_tee_probe/TD3_4) by extensions ['ros']
[0.669s] Level 1:colcon.colcon_core.package_identification:_identify(logs/td3_tee_probe/TD3_4) by extension 'ros'
[0.669s] Level 1:colcon.colcon_core.package_identification:_identify(logs/td3_tee_probe/TD3_4) by extensions ['cmake', 'python']
[0.669s] Level 1:colcon.colcon_core.package_identification:_identify(logs/td3_tee_probe/TD3_4) by extension 'cmake'
[0.669s] Level 1:colcon.colcon_core.package_identification:_identify(logs/td3_tee_probe/TD3_4) by extension 'python'
[0.670s] Level 1:colcon.colcon_core.package_identification:_identify(logs/td3_tee_probe/TD3_4) by extensions ['python_setup_py']
[0.670s] Level 1:colcon.colcon_core.package_identification:_identify(logs/td3_tee_probe/TD3_4) by extension 'python_setup_py'
[0.672s] Level 1:colcon.colcon_core.package_identification:_identify(logs/td3_tee_probe/TD3_5) by extensions ['ignore', 'ignore_ament_install']
[0.672s] Level 1:colcon.colcon_core.package_identification:_identify(logs/td3_tee_probe/TD3_5) by extension 'ignore'
[0.672s] Level 1:colcon.colcon_core.package_identification:_identify(logs/td3_tee_probe/TD3_5) by extension 'ignore_ament_install'
[0.673s] Level 1:colcon.colcon_core.package_identification:_identify(logs/td3_tee_probe/TD3_5) by extensions ['colcon_pkg']
[0.673s] Level 1:colcon.colcon_core.package_identification:_identify(logs/td3_tee_probe/TD3_5) by extension 'colcon_pkg'
[0.673s] Level 1:colcon.colcon_core.package_identification:_identify(logs/td3_tee_probe/TD3_5) by extensions ['colcon_meta']
[0.673s] Level 1:colcon.colcon_core.package_identification:_identify(logs/td3_tee_probe/TD3_5) by extension 'colcon_meta'
[0.673s] Level 1:colcon.colcon_core.package_identification:_identify(logs/td3_tee_probe/TD3_5) by extensions ['ros']
[0.673s] Level 1:colcon.colcon_core.package_identification:_identify(logs/td3_tee_probe/TD3_5) by extension 'ros'
[0.673s] Level 1:colcon.colcon_core.package_identification:_identify(logs/td3_tee_probe/TD3_5) by extensions ['cmake', 'python']
[0.673s] Level 1:colcon.colcon_core.package_identification:_identify(logs/td3_tee_probe/TD3_5) by extension 'cmake'
[0.673s] Level 1:colcon.colcon_core.package_identification:_identify(logs/td3_tee_probe/TD3_5) by extension 'python'
[0.674s] Level 1:colcon.colcon_core.package_identification:_identify(logs/td3_tee_probe/TD3_5) by extensions ['python_setup_py']
[0.674s] Level 1:colcon.colcon_core.package_identification:_identify(logs/td3_tee_probe/TD3_5) by extension 'python_setup_py'
[0.676s] Level 1:colcon.colcon_core.package_identification:_identify(logs/td3_tee_probe/TD3_6) by extensions ['ignore', 'ignore_ament_install']
[0.676s] Level 1:colcon.colcon_core.package_identification:_identify(logs/td3_tee_probe/TD3_6) by extension 'ignore'
[0.676s] Level 1:colcon.colcon_core.package_identification:_identify(logs/td3_tee_probe/TD3_6) by extension 'ignore_ament_install'
[0.676s] Level 1:colcon.colcon_core.package_identification:_identify(logs/td3_tee_probe/TD3_6) by extensions ['colcon_pkg']
[0.676s] Level 1:colcon.colcon_core.package_identification:_identify(logs/td3_tee_probe/TD3_6) by extension 'colcon_pkg'
[0.676s] Level 1:colcon.colcon_core.package_identification:_identify(logs/td3_tee_probe/TD3_6) by extensions ['colcon_meta']
[0.676s] Level 1:colcon.colcon_core.package_identification:_identify(logs/td3_tee_probe/TD3_6) by extension 'colcon_meta'
[0.676s] Level 1:colcon.colcon_core.package_identification:_identify(logs/td3_tee_probe/TD3_6) by extensions ['ros']
[0.676s] Level 1:colcon.colcon_core.package_identification:_identify(logs/td3_tee_probe/TD3_6) by extension 'ros'
[0.677s] Level 1:colcon.colcon_core.package_identification:_identify(logs/td3_tee_probe/TD3_6) by extensions ['cmake', 'python']
[0.677s] Level 1:colcon.colcon_core.package_identification:_identify(logs/td3_tee_probe/TD3_6) by extension 'cmake'
[0.677s] Level 1:colcon.colcon_core.package_identification:_identify(logs/td3_tee_probe/TD3_6) by extension 'python'
[0.677s] Level 1:colcon.colcon_core.package_identification:_identify(logs/td3_tee_probe/TD3_6) by extensions ['python_setup_py']
[0.677s] Level 1:colcon.colcon_core.package_identification:_identify(logs/td3_tee_probe/TD3_6) by extension 'python_setup_py'
[0.685s] Level 1:colcon.colcon_core.package_identification:_identify(logs/td3_tee_probe/TD3_7) by extensions ['ignore', 'ignore_ament_install']
[0.685s] Level 1:colcon.colcon_core.package_identification:_identify(logs/td3_tee_probe/TD3_7) by extension 'ignore'
[0.685s] Level 1:colcon.colcon_core.package_identification:_identify(logs/td3_tee_probe/TD3_7) by extension 'ignore_ament_install'
[0.686s] Level 1:colcon.colcon_core.package_identification:_identify(logs/td3_tee_probe/TD3_7) by extensions ['colcon_pkg']
[0.686s] Level 1:colcon.colcon_core.package_identification:_identify(logs/td3_tee_probe/TD3_7) by extension 'colcon_pkg'
[0.686s] Level 1:colcon.colcon_core.package_identification:_identify(logs/td3_tee_probe/TD3_7) by extensions ['colcon_meta']
[0.686s] Level 1:colcon.colcon_core.package_identification:_identify(logs/td3_tee_probe/TD3_7) by extension 'colcon_meta'
[0.686s] Level 1:colcon.colcon_core.package_identification:_identify(logs/td3_tee_probe/TD3_7) by extensions ['ros']
[0.686s] Level 1:colcon.colcon_core.package_identification:_identify(logs/td3_tee_probe/TD3_7) by extension 'ros'
[0.686s] Level 1:colcon.colcon_core.package_identification:_identify(logs/td3_tee_probe/TD3_7) by extensions ['cmake', 'python']
[0.686s] Level 1:colcon.colcon_core.package_identification:_identify(logs/td3_tee_probe/TD3_7) by extension 'cmake'
[0.686s] Level 1:colcon.colcon_core.package_identification:_identify(logs/td3_tee_probe/TD3_7) by extension 'python'
[0.687s] Level 1:colcon.colcon_core.package_identification:_identify(logs/td3_tee_probe/TD3_7) by extensions ['python_setup_py']
[0.687s] Level 1:colcon.colcon_core.package_identification:_identify(logs/td3_tee_probe/TD3_7) by extension 'python_setup_py'
[0.720s] Level 1:colcon.colcon_core.package_identification:_identify(logs/td3_tee_probe/TD3_8) by extensions ['ignore', 'ignore_ament_install']
[0.721s] Level 1:colcon.colcon_core.package_identification:_identify(logs/td3_tee_probe/TD3_8) by extension 'ignore'
[0.721s] Level 1:colcon.colcon_core.package_identification:_identify(logs/td3_tee_probe/TD3_8) by extension 'ignore_ament_install'
[0.721s] Level 1:colcon.colcon_core.package_identification:_identify(logs/td3_tee_probe/TD3_8) by extensions ['colcon_pkg']
[0.721s] Level 1:colcon.colcon_core.package_identification:_identify(logs/td3_tee_probe/TD3_8) by extension 'colcon_pkg'
[0.721s] Level 1:colcon.colcon_core.package_identification:_identify(logs/td3_tee_probe/TD3_8) by extensions ['colcon_meta']
[0.721s] Level 1:colcon.colcon_core.package_identification:_identify(logs/td3_tee_probe/TD3_8) by extension 'colcon_meta'
[0.721s] Level 1:colcon.colcon_core.package_identification:_identify(logs/td3_tee_probe/TD3_8) by extensions ['ros']
[0.721s] Level 1:colcon.colcon_core.package_identification:_identify(logs/td3_tee_probe/TD3_8) by extension 'ros'
[0.722s] Level 1:colcon.colcon_core.package_identification:_identify(logs/td3_tee_probe/TD3_8) by extensions ['cmake', 'python']
[0.722s] Level 1:colcon.colcon_core.package_identification:_identify(logs/td3_tee_probe/TD3_8) by extension 'cmake'
[0.722s] Level 1:colcon.colcon_core.package_identification:_identify(logs/td3_tee_probe/TD3_8) by extension 'python'
[0.722s] Level 1:colcon.colcon_core.package_identification:_identify(logs/td3_tee_probe/TD3_8) by extensions ['python_setup_py']
[0.722s] Level 1:colcon.colcon_core.package_identification:_identify(logs/td3_tee_probe/TD3_8) by extension 'python_setup_py'
[0.732s] Level 1:colcon.colcon_core.package_identification:_identify(logs/td3_tee_probe/evaluations) by extensions ['ignore', 'ignore_ament_install']
[0.732s] Level 1:colcon.colcon_core.package_identification:_identify(logs/td3_tee_probe/evaluations) by extension 'ignore'
[0.732s] Level 1:colcon.colcon_core.package_identification:_identify(logs/td3_tee_probe/evaluations) by extension 'ignore_ament_install'
[0.733s] Level 1:colcon.colcon_core.package_identification:_identify(logs/td3_tee_probe/evaluations) by extensions ['colcon_pkg']
[0.733s] Level 1:colcon.colcon_core.package_identification:_identify(logs/td3_tee_probe/evaluations) by extension 'colcon_pkg'
[0.733s] Level 1:colcon.colcon_core.package_identification:_identify(logs/td3_tee_probe/evaluations) by extensions ['colcon_meta']
[0.733s] Level 1:colcon.colcon_core.package_identification:_identify(logs/td3_tee_probe/evaluations) by extension 'colcon_meta'
[0.733s] Level 1:colcon.colcon_core.package_identification:_identify(logs/td3_tee_probe/evaluations) by extensions ['ros']
[0.733s] Level 1:colcon.colcon_core.package_identification:_identify(logs/td3_tee_probe/evaluations) by extension 'ros'
[0.733s] Level 1:colcon.colcon_core.package_identification:_identify(logs/td3_tee_probe/evaluations) by extensions ['cmake', 'python']
[0.733s] Level 1:colcon.colcon_core.package_identification:_identify(logs/td3_tee_probe/evaluations) by extension 'cmake'
[0.734s] Level 1:colcon.colcon_core.package_identification:_identify(logs/td3_tee_probe/evaluations) by extension 'python'
[0.734s] Level 1:colcon.colcon_core.package_identification:_identify(logs/td3_tee_probe/evaluations) by extensions ['python_setup_py']
[0.734s] Level 1:colcon.colcon_core.package_identification:_identify(logs/td3_tee_probe/evaluations) by extension 'python_setup_py'
[0.740s] Level 1:colcon.colcon_core.package_identification:_identify(models) by extensions ['ignore', 'ignore_ament_install']
[0.740s] Level 1:colcon.colcon_core.package_identification:_identify(models) by extension 'ignore'
[0.741s] Level 1:colcon.colcon_core.package_identification:_identify(models) by extension 'ignore_ament_install'
[0.741s] Level 1:colcon.colcon_core.package_identification:_identify(models) by extensions ['colcon_pkg']
[0.741s] Level 1:colcon.colcon_core.package_identification:_identify(models) by extension 'colcon_pkg'
[0.741s] Level 1:colcon.colcon_core.package_identification:_identify(models) by extensions ['colcon_meta']
[0.741s] Level 1:colcon.colcon_core.package_identification:_identify(models) by extension 'colcon_meta'
[0.741s] Level 1:colcon.colcon_core.package_identification:_identify(models) by extensions ['ros']
[0.741s] Level 1:colcon.colcon_core.package_identification:_identify(models) by extension 'ros'
[0.742s] Level 1:colcon.colcon_core.package_identification:_identify(models) by extensions ['cmake', 'python']
[0.742s] Level 1:colcon.colcon_core.package_identification:_identify(models) by extension 'cmake'
[0.742s] Level 1:colcon.colcon_core.package_identification:_identify(models) by extension 'python'
[0.742s] Level 1:colcon.colcon_core.package_identification:_identify(models) by extensions ['python_setup_py']
[0.742s] Level 1:colcon.colcon_core.package_identification:_identify(models) by extension 'python_setup_py'
[0.743s] Level 1:colcon.colcon_core.package_identification:_identify(models/best) by extensions ['ignore', 'ignore_ament_install']
[0.743s] Level 1:colcon.colcon_core.package_identification:_identify(models/best) by extension 'ignore'
[0.744s] Level 1:colcon.colcon_core.package_identification:_identify(models/best) by extension 'ignore_ament_install'
[0.744s] Level 1:colcon.colcon_core.package_identification:_identify(models/best) by extensions ['colcon_pkg']
[0.744s] Level 1:colcon.colcon_core.package_identification:_identify(models/best) by extension 'colcon_pkg'
[0.744s] Level 1:colcon.colcon_core.package_identification:_identify(models/best) by extensions ['colcon_meta']
[0.744s] Level 1:colcon.colcon_core.package_identification:_identify(models/best) by extension 'colcon_meta'
[0.744s] Level 1:colcon.colcon_core.package_identification:_identify(models/best) by extensions ['ros']
[0.744s] Level 1:colcon.colcon_core.package_identification:_identify(models/best) by extension 'ros'
[0.745s] Level 1:colcon.colcon_core.package_identification:_identify(models/best) by extensions ['cmake', 'python']
[0.745s] Level 1:colcon.colcon_core.package_identification:_identify(models/best) by extension 'cmake'
[0.745s] Level 1:colcon.colcon_core.package_identification:_identify(models/best) by extension 'python'
[0.745s] Level 1:colcon.colcon_core.package_identification:_identify(models/best) by extensions ['python_setup_py']
[0.745s] Level 1:colcon.colcon_core.package_identification:_identify(models/best) by extension 'python_setup_py'
[0.775s] Level 1:colcon.colcon_core.package_identification:_identify(models/best/best_model) by extensions ['ignore', 'ignore_ament_install']
[0.775s] Level 1:colcon.colcon_core.package_identification:_identify(models/best/best_model) by extension 'ignore'
[0.775s] Level 1:colcon.colcon_core.package_identification:_identify(models/best/best_model) by extension 'ignore_ament_install'
[0.776s] Level 1:colcon.colcon_core.package_identification:_identify(models/best/best_model) by extensions ['colcon_pkg']
[0.776s] Level 1:colcon.colcon_core.package_identification:_identify(models/best/best_model) by extension 'colcon_pkg'
[0.776s] Level 1:colcon.colcon_core.package_identification:_identify(models/best/best_model) by extensions ['colcon_meta']
[0.776s] Level 1:colcon.colcon_core.package_identification:_identify(models/best/best_model) by extension 'colcon_meta'
[0.776s] Level 1:colcon.colcon_core.package_identification:_identify(models/best/best_model) by extensions ['ros']
[0.776s] Level 1:colcon.colcon_core.package_identification:_identify(models/best/best_model) by extension 'ros'
[0.776s] Level 1:colcon.colcon_core.package_identification:_identify(models/best/best_model) by extensions ['cmake', 'python']
[0.776s] Level 1:colcon.colcon_core.package_identification:_identify(models/best/best_model) by extension 'cmake'
[0.776s] Level 1:colcon.colcon_core.package_identification:_identify(models/best/best_model) by extension 'python'
[0.776s] Level 1:colcon.colcon_core.package_identification:_identify(models/best/best_model) by extensions ['python_setup_py']
[0.777s] Level 1:colcon.colcon_core.package_identification:_identify(models/best/best_model) by extension 'python_setup_py'
[0.798s] Level 1:colcon.colcon_core.package_identification:_identify(models/td3_tee_probe_final) by extensions ['ignore', 'ignore_ament_install']
[0.798s] Level 1:colcon.colcon_core.package_identification:_identify(models/td3_tee_probe_final) by extension 'ignore'
[0.799s] Level 1:colcon.colcon_core.package_identification:_identify(models/td3_tee_probe_final) by extension 'ignore_ament_install'
[0.799s] Level 1:colcon.colcon_core.package_identification:_identify(models/td3_tee_probe_final) by extensions ['colcon_pkg']
[0.799s] Level 1:colcon.colcon_core.package_identification:_identify(models/td3_tee_probe_final) by extension 'colcon_pkg'
[0.799s] Level 1:colcon.colcon_core.package_identification:_identify(models/td3_tee_probe_final) by extensions ['colcon_meta']
[0.799s] Level 1:colcon.colcon_core.package_identification:_identify(models/td3_tee_probe_final) by extension 'colcon_meta'
[0.799s] Level 1:colcon.colcon_core.package_identification:_identify(models/td3_tee_probe_final) by extensions ['ros']
[0.799s] Level 1:colcon.colcon_core.package_identification:_identify(models/td3_tee_probe_final) by extension 'ros'
[0.800s] Level 1:colcon.colcon_core.package_identification:_identify(models/td3_tee_probe_final) by extensions ['cmake', 'python']
[0.800s] Level 1:colcon.colcon_core.package_identification:_identify(models/td3_tee_probe_final) by extension 'cmake'
[0.800s] Level 1:colcon.colcon_core.package_identification:_identify(models/td3_tee_probe_final) by extension 'python'
[0.800s] Level 1:colcon.colcon_core.package_identification:_identify(models/td3_tee_probe_final) by extensions ['python_setup_py']
[0.800s] Level 1:colcon.colcon_core.package_identification:_identify(models/td3_tee_probe_final) by extension 'python_setup_py'
[0.800s] Level 1:colcon.colcon_core.package_identification:_identify(plots) by extensions ['ignore', 'ignore_ament_install']
[0.800s] Level 1:colcon.colcon_core.package_identification:_identify(plots) by extension 'ignore'
[0.800s] Level 1:colcon.colcon_core.package_identification:_identify(plots) by extension 'ignore_ament_install'
[0.801s] Level 1:colcon.colcon_core.package_identification:_identify(plots) by extensions ['colcon_pkg']
[0.801s] Level 1:colcon.colcon_core.package_identification:_identify(plots) by extension 'colcon_pkg'
[0.801s] Level 1:colcon.colcon_core.package_identification:_identify(plots) by extensions ['colcon_meta']
[0.801s] Level 1:colcon.colcon_core.package_identification:_identify(plots) by extension 'colcon_meta'
[0.801s] Level 1:colcon.colcon_core.package_identification:_identify(plots) by extensions ['ros']
[0.801s] Level 1:colcon.colcon_core.package_identification:_identify(plots) by extension 'ros'
[0.801s] Level 1:colcon.colcon_core.package_identification:_identify(plots) by extensions ['cmake', 'python']
[0.801s] Level 1:colcon.colcon_core.package_identification:_identify(plots) by extension 'cmake'
[0.802s] Level 1:colcon.colcon_core.package_identification:_identify(plots) by extension 'python'
[0.802s] Level 1:colcon.colcon_core.package_identification:_identify(plots) by extensions ['python_setup_py']
[0.802s] Level 1:colcon.colcon_core.package_identification:_identify(plots) by extension 'python_setup_py'
[3.400s] Level 1:colcon.colcon_core.package_identification:_identify(plots/trajectories) by extensions ['ignore', 'ignore_ament_install']
[3.400s] Level 1:colcon.colcon_core.package_identification:_identify(plots/trajectories) by extension 'ignore'
[3.401s] Level 1:colcon.colcon_core.package_identification:_identify(plots/trajectories) by extension 'ignore_ament_install'
[3.401s] Level 1:colcon.colcon_core.package_identification:_identify(plots/trajectories) by extensions ['colcon_pkg']
[3.401s] Level 1:colcon.colcon_core.package_identification:_identify(plots/trajectories) by extension 'colcon_pkg'
[3.401s] Level 1:colcon.colcon_core.package_identification:_identify(plots/trajectories) by extensions ['colcon_meta']
[3.401s] Level 1:colcon.colcon_core.package_identification:_identify(plots/trajectories) by extension 'colcon_meta'
[3.401s] Level 1:colcon.colcon_core.package_identification:_identify(plots/trajectories) by extensions ['ros']
[3.401s] Level 1:colcon.colcon_core.package_identification:_identify(plots/trajectories) by extension 'ros'
[3.402s] Level 1:colcon.colcon_core.package_identification:_identify(plots/trajectories) by extensions ['cmake', 'python']
[3.402s] Level 1:colcon.colcon_core.package_identification:_identify(plots/trajectories) by extension 'cmake'
[3.402s] Level 1:colcon.colcon_core.package_identification:_identify(plots/trajectories) by extension 'python'
[3.402s] Level 1:colcon.colcon_core.package_identification:_identify(plots/trajectories) by extensions ['python_setup_py']
[3.402s] Level 1:colcon.colcon_core.package_identification:_identify(plots/trajectories) by extension 'python_setup_py'
[3.403s] Level 1:colcon.colcon_core.package_identification:_identify(results) by extensions ['ignore', 'ignore_ament_install']
[3.403s] Level 1:colcon.colcon_core.package_identification:_identify(results) by extension 'ignore'
[3.403s] Level 1:colcon.colcon_core.package_identification:_identify(results) by extension 'ignore_ament_install'
[3.403s] Level 1:colcon.colcon_core.package_identification:_identify(results) by extensions ['colcon_pkg']
[3.403s] Level 1:colcon.colcon_core.package_identification:_identify(results) by extension 'colcon_pkg'
[3.403s] Level 1:colcon.colcon_core.package_identification:_identify(results) by extensions ['colcon_meta']
[3.403s] Level 1:colcon.colcon_core.package_identification:_identify(results) by extension 'colcon_meta'
[3.403s] Level 1:colcon.colcon_core.package_identification:_identify(results) by extensions ['ros']
[3.403s] Level 1:colcon.colcon_core.package_identification:_identify(results) by extension 'ros'
[3.404s] Level 1:colcon.colcon_core.package_identification:_identify(results) by extensions ['cmake', 'python']
[3.404s] Level 1:colcon.colcon_core.package_identification:_identify(results) by extension 'cmake'
[3.404s] Level 1:colcon.colcon_core.package_identification:_identify(results) by extension 'python'
[3.404s] Level 1:colcon.colcon_core.package_identification:_identify(results) by extensions ['python_setup_py']
[3.404s] Level 1:colcon.colcon_core.package_identification:_identify(results) by extension 'python_setup_py'
[3.404s] Level 1:colcon.colcon_core.package_identification:_identify(src) by extensions ['ignore', 'ignore_ament_install']
[3.404s] Level 1:colcon.colcon_core.package_identification:_identify(src) by extension 'ignore'
[3.404s] Level 1:colcon.colcon_core.package_identification:_identify(src) by extension 'ignore_ament_install'
[3.405s] Level 1:colcon.colcon_core.package_identification:_identify(src) by extensions ['colcon_pkg']
[3.405s] Level 1:colcon.colcon_core.package_identification:_identify(src) by extension 'colcon_pkg'
[3.405s] Level 1:colcon.colcon_core.package_identification:_identify(src) by extensions ['colcon_meta']
[3.405s] Level 1:colcon.colcon_core.package_identification:_identify(src) by extension 'colcon_meta'
[3.405s] Level 1:colcon.colcon_core.package_identification:_identify(src) by extensions ['ros']
[3.405s] Level 1:colcon.colcon_core.package_identification:_identify(src) by extension 'ros'
[3.405s] Level 1:colcon.colcon_core.package_identification:_identify(src) by extensions ['cmake', 'python']
[3.405s] Level 1:colcon.colcon_core.package_identification:_identify(src) by extension 'cmake'
[3.405s] Level 1:colcon.colcon_core.package_identification:_identify(src) by extension 'python'
[3.406s] Level 1:colcon.colcon_core.package_identification:_identify(src) by extensions ['python_setup_py']
[3.406s] Level 1:colcon.colcon_core.package_identification:_identify(src) by extension 'python_setup_py'
[3.406s] Level 1:colcon.colcon_core.package_identification:_identify(src/tee_probe) by extensions ['ignore', 'ignore_ament_install']
[3.406s] Level 1:colcon.colcon_core.package_identification:_identify(src/tee_probe) by extension 'ignore'
[3.406s] Level 1:colcon.colcon_core.package_identification:_identify(src/tee_probe) by extension 'ignore_ament_install'
[3.406s] Level 1:colcon.colcon_core.package_identification:_identify(src/tee_probe) by extensions ['colcon_pkg']
[3.406s] Level 1:colcon.colcon_core.package_identification:_identify(src/tee_probe) by extension 'colcon_pkg'
[3.406s] Level 1:colcon.colcon_core.package_identification:_identify(src/tee_probe) by extensions ['colcon_meta']
[3.406s] Level 1:colcon.colcon_core.package_identification:_identify(src/tee_probe) by extension 'colcon_meta'
[3.406s] Level 1:colcon.colcon_core.package_identification:_identify(src/tee_probe) by extensions ['ros']
[3.406s] Level 1:colcon.colcon_core.package_identification:_identify(src/tee_probe) by extension 'ros'
[3.424s] DEBUG:colcon.colcon_core.package_identification:Package 'src/tee_probe' with type 'ros.ament_cmake' and name 'tee_probe'
[3.424s] Level 1:colcon.colcon_core.package_identification:_identify(src/tee_robot_description) by extensions ['ignore', 'ignore_ament_install']
[3.425s] Level 1:colcon.colcon_core.package_identification:_identify(src/tee_robot_description) by extension 'ignore'
[3.425s] Level 1:colcon.colcon_core.package_identification:_identify(src/tee_robot_description) by extension 'ignore_ament_install'
[3.425s] Level 1:colcon.colcon_core.package_identification:_identify(src/tee_robot_description) by extensions ['colcon_pkg']
[3.425s] Level 1:colcon.colcon_core.package_identification:_identify(src/tee_robot_description) by extension 'colcon_pkg'
[3.425s] Level 1:colcon.colcon_core.package_identification:_identify(src/tee_robot_description) by extensions ['colcon_meta']
[3.425s] Level 1:colcon.colcon_core.package_identification:_identify(src/tee_robot_description) by extension 'colcon_meta'
[3.425s] Level 1:colcon.colcon_core.package_identification:_identify(src/tee_robot_description) by extensions ['ros']
[3.425s] Level 1:colcon.colcon_core.package_identification:_identify(src/tee_robot_description) by extension 'ros'
[3.427s] DEBUG:colcon.colcon_core.package_identification:Package 'src/tee_robot_description' with type 'ros.catkin' and name 'tee_robot_description'
[3.427s] Level 1:colcon.colcon_core.package_discovery:discover_packages(recursive) using defaults
[3.427s] Level 1:colcon.colcon_core.package_discovery:discover_packages(ignore) discover
[3.427s] Level 1:colcon.colcon_core.package_discovery:discover_packages(ignore) using defaults
[3.427s] Level 1:colcon.colcon_core.package_discovery:discover_packages(path) discover
[3.427s] Level 1:colcon.colcon_core.package_discovery:discover_packages(path) using defaults
[3.456s] INFO:colcon.colcon_core.package_selection:Skipping not selected package 'tee_robot_description' in 'src/tee_robot_description'
[3.456s] Level 5:colcon.colcon_core.verb:set package 'tee_probe' build argument 'cmake_args' from command line to 'None'
[3.456s] Level 5:colcon.colcon_core.verb:set package 'tee_probe' build argument 'cmake_target' from command line to 'None'
[3.457s] Level 5:colcon.colcon_core.verb:set package 'tee_probe' build argument 'cmake_target_skip_unavailable' from command line to 'False'
[3.457s] Level 5:colcon.colcon_core.verb:set package 'tee_probe' build argument 'cmake_clean_cache' from command line to 'False'
[3.457s] Level 5:colcon.colcon_core.verb:set package 'tee_probe' build argument 'cmake_clean_first' from command line to 'False'
[3.457s] Level 5:colcon.colcon_core.verb:set package 'tee_probe' build argument 'cmake_force_configure' from command line to 'False'
[3.457s] Level 5:colcon.colcon_core.verb:set package 'tee_probe' build argument 'ament_cmake_args' from command line to 'None'
[3.457s] Level 5:colcon.colcon_core.verb:set package 'tee_probe' build argument 'catkin_cmake_args' from command line to 'None'
[3.457s] Level 5:colcon.colcon_core.verb:set package 'tee_probe' build argument 'catkin_skip_building_tests' from command line to 'False'
[3.457s] DEBUG:colcon.colcon_core.verb:Building package 'tee_probe' with the following arguments: {'ament_cmake_args': None, 'build_base': '/uio/hume/student-u78/nikithan/tee_probe_ws/ros2_ws/build/tee_probe', 'catkin_cmake_args': None, 'catkin_skip_building_tests': False, 'cmake_args': None, 'cmake_clean_cache': False, 'cmake_clean_first': False, 'cmake_force_configure': False, 'cmake_target': None, 'cmake_target_skip_unavailable': False, 'install_base': '/uio/hume/student-u78/nikithan/tee_probe_ws/ros2_ws/install/tee_probe', 'merge_install': False, 'path': '/uio/hume/student-u78/nikithan/tee_probe_ws/ros2_ws/src/tee_probe', 'symlink_install': False, 'test_result_base': None}
[3.457s] INFO:colcon.colcon_core.executor:Executing jobs using 'parallel' executor
[3.458s] DEBUG:colcon.colcon_parallel_executor.executor.parallel:run_until_complete
[3.458s] INFO:colcon.colcon_ros.task.ament_cmake.build:Building ROS package in '/uio/hume/student-u78/nikithan/tee_probe_ws/ros2_ws/src/tee_probe' with build type 'ament_cmake'
[3.458s] INFO:colcon.colcon_cmake.task.cmake.build:Building CMake package in '/uio/hume/student-u78/nikithan/tee_probe_ws/ros2_ws/src/tee_probe'
[3.462s] INFO:colcon.colcon_core.plugin_system:Skipping extension 'colcon_core.shell.bat': Not used on non-Windows systems
[3.462s] INFO:colcon.colcon_core.shell:Skip shell extension 'powershell' for command environment: Not usable outside of PowerShell
[3.462s] DEBUG:colcon.colcon_core.shell:Skip shell extension 'dsv' for command environment
[3.523s] DEBUG:colcon.colcon_core.event_handler.log_command:Invoking command in '/uio/hume/student-u78/nikithan/tee_probe_ws/ros2_ws/build/tee_probe': PS1=Apptainer> /usr/bin/cmake --build /uio/hume/student-u78/nikithan/tee_probe_ws/ros2_ws/build/tee_probe -- -j4 -l4
[4.148s] DEBUG:colcon.colcon_core.event_handler.log_command:Invoked command in '/uio/hume/student-u78/nikithan/tee_probe_ws/ros2_ws/build/tee_probe' returned '0': PS1=Apptainer> /usr/bin/cmake --build /uio/hume/student-u78/nikithan/tee_probe_ws/ros2_ws/build/tee_probe -- -j4 -l4
[4.232s] DEBUG:colcon.colcon_core.event_handler.log_command:Invoking command in '/uio/hume/student-u78/nikithan/tee_probe_ws/ros2_ws/build/tee_probe': PS1=Apptainer> /usr/bin/cmake --install /uio/hume/student-u78/nikithan/tee_probe_ws/ros2_ws/build/tee_probe
[5.081s] Level 1:colcon.colcon_core.environment:create_environment_scripts_only(tee_probe)
[5.081s] DEBUG:colcon.colcon_core.event_handler.log_command:Invoked command in '/uio/hume/student-u78/nikithan/tee_probe_ws/ros2_ws/build/tee_probe' returned '0': PS1=Apptainer> /usr/bin/cmake --install /uio/hume/student-u78/nikithan/tee_probe_ws/ros2_ws/build/tee_probe
[5.086s] Level 1:colcon.colcon_core.environment:checking '/uio/hume/student-u78/nikithan/tee_probe_ws/ros2_ws/install/tee_probe' for CMake module files
[5.113s] Level 1:colcon.colcon_core.environment:checking '/uio/hume/student-u78/nikithan/tee_probe_ws/ros2_ws/install/tee_probe' for CMake config files
[5.152s] Level 1:colcon.colcon_core.shell:create_environment_hook('tee_probe', 'cmake_prefix_path')
[5.152s] INFO:colcon.colcon_core.shell:Creating environment hook '/uio/hume/student-u78/nikithan/tee_probe_ws/ros2_ws/install/tee_probe/share/tee_probe/hook/cmake_prefix_path.ps1'
[5.164s] INFO:colcon.colcon_core.shell:Creating environment descriptor '/uio/hume/student-u78/nikithan/tee_probe_ws/ros2_ws/install/tee_probe/share/tee_probe/hook/cmake_prefix_path.dsv'
[5.179s] INFO:colcon.colcon_core.shell:Creating environment hook '/uio/hume/student-u78/nikithan/tee_probe_ws/ros2_ws/install/tee_probe/share/tee_probe/hook/cmake_prefix_path.sh'
[5.195s] Level 1:colcon.colcon_core.environment:checking '/uio/hume/student-u78/nikithan/tee_probe_ws/ros2_ws/install/tee_probe/lib'
[5.195s] Level 1:colcon.colcon_core.environment:checking '/uio/hume/student-u78/nikithan/tee_probe_ws/ros2_ws/install/tee_probe/bin'
[5.195s] Level 1:colcon.colcon_core.environment:checking '/uio/hume/student-u78/nikithan/tee_probe_ws/ros2_ws/install/tee_probe/lib/pkgconfig/tee_probe.pc'
[5.197s] Level 1:colcon.colcon_core.environment:checking '/uio/hume/student-u78/nikithan/tee_probe_ws/ros2_ws/install/tee_probe/lib/python3.10/site-packages'
[5.198s] Level 1:colcon.colcon_core.environment:checking '/uio/hume/student-u78/nikithan/tee_probe_ws/ros2_ws/install/tee_probe/bin'
[5.198s] INFO:colcon.colcon_core.shell:Creating package script '/uio/hume/student-u78/nikithan/tee_probe_ws/ros2_ws/install/tee_probe/share/tee_probe/package.ps1'
[5.200s] INFO:colcon.colcon_core.shell:Creating package descriptor '/uio/hume/student-u78/nikithan/tee_probe_ws/ros2_ws/install/tee_probe/share/tee_probe/package.dsv'
[5.202s] INFO:colcon.colcon_core.shell:Creating package script '/uio/hume/student-u78/nikithan/tee_probe_ws/ros2_ws/install/tee_probe/share/tee_probe/package.sh'
[5.203s] INFO:colcon.colcon_core.shell:Creating package script '/uio/hume/student-u78/nikithan/tee_probe_ws/ros2_ws/install/tee_probe/share/tee_probe/package.bash'
[5.205s] INFO:colcon.colcon_core.shell:Creating package script '/uio/hume/student-u78/nikithan/tee_probe_ws/ros2_ws/install/tee_probe/share/tee_probe/package.zsh'
[5.207s] Level 1:colcon.colcon_core.environment:create_file_with_runtime_dependencies(/uio/hume/student-u78/nikithan/tee_probe_ws/ros2_ws/install/tee_probe/share/colcon-core/packages/tee_probe)
[5.224s] Level 1:colcon.colcon_core.environment:create_environment_scripts_only(tee_probe)
[5.224s] Level 1:colcon.colcon_core.environment:checking '/uio/hume/student-u78/nikithan/tee_probe_ws/ros2_ws/install/tee_probe' for CMake module files
[5.225s] Level 1:colcon.colcon_core.environment:checking '/uio/hume/student-u78/nikithan/tee_probe_ws/ros2_ws/install/tee_probe' for CMake config files
[5.226s] Level 1:colcon.colcon_core.shell:create_environment_hook('tee_probe', 'cmake_prefix_path')
[5.226s] INFO:colcon.colcon_core.shell:Creating environment hook '/uio/hume/student-u78/nikithan/tee_probe_ws/ros2_ws/install/tee_probe/share/tee_probe/hook/cmake_prefix_path.ps1'
[5.227s] INFO:colcon.colcon_core.shell:Creating environment descriptor '/uio/hume/student-u78/nikithan/tee_probe_ws/ros2_ws/install/tee_probe/share/tee_probe/hook/cmake_prefix_path.dsv'
[5.228s] INFO:colcon.colcon_core.shell:Creating environment hook '/uio/hume/student-u78/nikithan/tee_probe_ws/ros2_ws/install/tee_probe/share/tee_probe/hook/cmake_prefix_path.sh'
[5.229s] Level 1:colcon.colcon_core.environment:checking '/uio/hume/student-u78/nikithan/tee_probe_ws/ros2_ws/install/tee_probe/lib'
[5.230s] Level 1:colcon.colcon_core.environment:checking '/uio/hume/student-u78/nikithan/tee_probe_ws/ros2_ws/install/tee_probe/bin'
[5.230s] Level 1:colcon.colcon_core.environment:checking '/uio/hume/student-u78/nikithan/tee_probe_ws/ros2_ws/install/tee_probe/lib/pkgconfig/tee_probe.pc'
[5.230s] Level 1:colcon.colcon_core.environment:checking '/uio/hume/student-u78/nikithan/tee_probe_ws/ros2_ws/install/tee_probe/lib/python3.10/site-packages'
[5.230s] Level 1:colcon.colcon_core.environment:checking '/uio/hume/student-u78/nikithan/tee_probe_ws/ros2_ws/install/tee_probe/bin'
[5.230s] INFO:colcon.colcon_core.shell:Creating package script '/uio/hume/student-u78/nikithan/tee_probe_ws/ros2_ws/install/tee_probe/share/tee_probe/package.ps1'
[5.231s] INFO:colcon.colcon_core.shell:Creating package descriptor '/uio/hume/student-u78/nikithan/tee_probe_ws/ros2_ws/install/tee_probe/share/tee_probe/package.dsv'
[5.233s] INFO:colcon.colcon_core.shell:Creating package script '/uio/hume/student-u78/nikithan/tee_probe_ws/ros2_ws/install/tee_probe/share/tee_probe/package.sh'
[5.234s] INFO:colcon.colcon_core.shell:Creating package script '/uio/hume/student-u78/nikithan/tee_probe_ws/ros2_ws/install/tee_probe/share/tee_probe/package.bash'
[5.235s] INFO:colcon.colcon_core.shell:Creating package script '/uio/hume/student-u78/nikithan/tee_probe_ws/ros2_ws/install/tee_probe/share/tee_probe/package.zsh'
[5.236s] Level 1:colcon.colcon_core.environment:create_file_with_runtime_dependencies(/uio/hume/student-u78/nikithan/tee_probe_ws/ros2_ws/install/tee_probe/share/colcon-core/packages/tee_probe)
[5.237s] DEBUG:colcon.colcon_parallel_executor.executor.parallel:closing loop
[5.237s] DEBUG:colcon.colcon_parallel_executor.executor.parallel:loop closed
[5.237s] DEBUG:colcon.colcon_parallel_executor.executor.parallel:run_until_complete finished with '0'
[5.237s] DEBUG:colcon.colcon_core.event_reactor:joining thread
[5.266s] INFO:colcon.colcon_core.plugin_system:Skipping extension 'colcon_notification.desktop_notification.notify_send': Could not find 'notify-send'
[5.266s] INFO:colcon.colcon_core.plugin_system:Skipping extension 'colcon_notification.desktop_notification.terminal_notifier': Not used on non-Darwin systems
[5.266s] INFO:colcon.colcon_core.plugin_system:Skipping extension 'colcon_notification.desktop_notification.win32': Not used on non-Windows systems
[5.266s] INFO:colcon.colcon_notification.desktop_notification:Sending desktop notification using 'notify2'
[5.266s] DEBUG:colcon.colcon_notification.desktop_notification.notify2:Failed to initialize notify2: org.freedesktop.DBus.Error.NotSupported: Unable to autolaunch a dbus-daemon without a $DISPLAY for X11
[5.266s] DEBUG:colcon.colcon_core.event_reactor:joined thread
[5.267s] INFO:colcon.colcon_core.shell:Creating prefix script '/uio/hume/student-u78/nikithan/tee_probe_ws/ros2_ws/install/local_setup.ps1'
[5.293s] INFO:colcon.colcon_core.shell:Creating prefix util module '/uio/hume/student-u78/nikithan/tee_probe_ws/ros2_ws/install/_local_setup_util_ps1.py'
[5.297s] INFO:colcon.colcon_core.shell:Creating prefix chain script '/uio/hume/student-u78/nikithan/tee_probe_ws/ros2_ws/install/setup.ps1'
[5.333s] INFO:colcon.colcon_core.shell:Creating prefix script '/uio/hume/student-u78/nikithan/tee_probe_ws/ros2_ws/install/local_setup.sh'
[5.335s] INFO:colcon.colcon_core.shell:Creating prefix util module '/uio/hume/student-u78/nikithan/tee_probe_ws/ros2_ws/install/_local_setup_util_sh.py'
[5.354s] INFO:colcon.colcon_core.shell:Creating prefix chain script '/uio/hume/student-u78/nikithan/tee_probe_ws/ros2_ws/install/setup.sh'
[5.356s] INFO:colcon.colcon_core.shell:Creating prefix script '/uio/hume/student-u78/nikithan/tee_probe_ws/ros2_ws/install/local_setup.bash'
[5.369s] INFO:colcon.colcon_core.shell:Creating prefix chain script '/uio/hume/student-u78/nikithan/tee_probe_ws/ros2_ws/install/setup.bash'
[5.400s] INFO:colcon.colcon_core.shell:Creating prefix script '/uio/hume/student-u78/nikithan/tee_probe_ws/ros2_ws/install/local_setup.zsh'
[5.402s] INFO:colcon.colcon_core.shell:Creating prefix chain script '/uio/hume/student-u78/nikithan/tee_probe_ws/ros2_ws/install/setup.zsh'
