[0.000000] (-) TimerEvent: {}
[0.001204] (-) JobUnselected: {'identifier': 'tee_robot_description'}
[0.001236] (tee_probe) JobQueued: {'identifier': 'tee_probe', 'dependencies': OrderedDict()}
[0.001253] (tee_probe) JobStarted: {'identifier': 'tee_probe'}
[0.043545] (tee_probe) JobProgress: {'identifier': 'tee_probe', 'progress': 'cmake'}
[0.080523] (-) TimerEvent: {}
[0.108620] (tee_probe) Command: {'cmd': ['/usr/bin/cmake', '/uio/hume/student-u78/nikithan/tee_probe_ws/ros2_ws/src/tee_probe', '-DCMAKE_INSTALL_PREFIX=/uio/hume/student-u78/nikithan/tee_probe_ws/ros2_ws/install/tee_probe'], 'cwd': '/uio/hume/student-u78/nikithan/tee_probe_ws/ros2_ws/build/tee_probe', 'env': OrderedDict([('SHLVL', '1'), ('LIBGL_ALWAYS_SOFTWARE', '1'), ('LD_LIBRARY_PATH', '/usr/lib/x86_64-linux-gnu/gazebo-11/plugins:/opt/ros/humble/opt/rviz_ogre_vendor/lib:/opt/ros/humble/lib/x86_64-linux-gnu:/opt/ros/humble/lib:/.singularity.d/libs'), ('HOME', '/uio/hume/student-u78/nikithan'), ('OLDPWD', '/uio/hume/student-u78/nikithan'), ('ROS_PYTHON_VERSION', '3'), ('PS1', 'Apptainer>'), ('APPTAINER_ENVIRONMENT', '/.singularity.d/env/91-environment.sh'), ('ROS_DISTRO', 'humble'), ('SINGULARITY_ENVIRONMENT', '/.singularity.d/env/91-environment.sh'), ('_', '/usr/bin/colcon'), ('ROS_VERSION', '2'), ('TERM', 'xterm-256color'), ('ROS_LOCALHOST_ONLY', '0'), ('PATH', '/opt/ros/humble/bin:/usr/local/sbin:/usr/local/bin:/usr/sbin:/usr/bin:/sbin:/bin'), ('APPTAINER_COMMAND', 'shell'), ('APPTAINER_APPNAME', ''), ('LANG', 'C.UTF-8'), ('AMENT_PREFIX_PATH', '/opt/ros/humble'), ('DEBIAN_FRONTEND', 'noninteractive'), ('SHELL', '/bin/bash'), ('APPTAINER_CONTAINER', '/uio/hume/student-u78/nikithan/tee_probe_full.sif'), ('APPTAINER_BIND', '/uio/hume/student-u78/nikithan'), ('SINGULARITY_CONTAINER', '/uio/hume/student-u78/nikithan/tee_probe_full.sif'), ('SINGULARITY_BIND', '/uio/hume/student-u78/nikithan'), ('PWD', '/uio/hume/student-u78/nikithan/tee_probe_ws/ros2_ws/build/tee_probe'), ('APPTAINER_NAME', 'tee_probe_full.sif'), ('LC_ALL', 'C.UTF-8'), ('PYTHONPATH', '/opt/ros/humble/lib/python3.10/site-packages:/opt/ros/humble/local/lib/python3.10/dist-packages'), ('SINGULARITY_NAME', 'tee_probe_full.sif'), ('COLCON', '1'), ('CMAKE_PREFIX_PATH', '/opt/ros/humble')]), 'shell': False}
[0.193017] (-) TimerEvent: {}
[0.293278] (-) TimerEvent: {}
[0.394219] (-) TimerEvent: {}
[0.494504] (-) TimerEvent: {}
[0.515270] (tee_probe) StdoutLine: {'line': b'-- The C compiler identification is GNU 11.4.0\n'}
[0.594651] (-) TimerEvent: {}
[0.694949] (-) TimerEvent: {}
[0.749830] (tee_probe) StdoutLine: {'line': b'-- The CXX compiler identification is GNU 11.4.0\n'}
[0.782876] (tee_probe) StdoutLine: {'line': b'-- Detecting C compiler ABI info\n'}
[0.795048] (-) TimerEvent: {}
[0.895329] (-) TimerEvent: {}
[0.995614] (-) TimerEvent: {}
[1.095902] (-) TimerEvent: {}
[1.168537] (tee_probe) StdoutLine: {'line': b'-- Detecting C compiler ABI info - done\n'}
[1.180124] (tee_probe) StdoutLine: {'line': b'-- Check for working C compiler: /usr/bin/cc - skipped\n'}
[1.180730] (tee_probe) StdoutLine: {'line': b'-- Detecting C compile features\n'}
[1.186269] (tee_probe) StdoutLine: {'line': b'-- Detecting C compile features - done\n'}
[1.196017] (-) TimerEvent: {}
[1.207077] (tee_probe) StdoutLine: {'line': b'-- Detecting CXX compiler ABI info\n'}
[1.296130] (-) TimerEvent: {}
[1.396491] (-) TimerEvent: {}
[1.496859] (-) TimerEvent: {}
[1.556134] (tee_probe) StdoutLine: {'line': b'-- Detecting CXX compiler ABI info - done\n'}
[1.563594] (tee_probe) StdoutLine: {'line': b'-- Check for working CXX compiler: /usr/bin/c++ - skipped\n'}
[1.563948] (tee_probe) StdoutLine: {'line': b'-- Detecting CXX compile features\n'}
[1.564382] (tee_probe) StdoutLine: {'line': b'-- Detecting CXX compile features - done\n'}
[1.596963] (-) TimerEvent: {}
[1.601574] (tee_probe) StdoutLine: {'line': b'-- Found ament_cmake: 1.3.14 (/opt/ros/humble/share/ament_cmake/cmake)\n'}
[1.697054] (-) TimerEvent: {}
[1.797397] (-) TimerEvent: {}
[1.897831] (-) TimerEvent: {}
[1.932104] (tee_probe) StdoutLine: {'line': b'-- Found Python3: /usr/bin/python3 (found version "3.10.12") found components: Interpreter \n'}
[1.997925] (-) TimerEvent: {}
[2.098206] (-) TimerEvent: {}
[2.198488] (-) TimerEvent: {}
[2.228915] (tee_probe) StdoutLine: {'line': b'-- Found rclpy: 3.3.21 (/opt/ros/humble/share/rclpy/cmake)\n'}
[2.238117] (tee_probe) StdoutLine: {'line': b'-- Found std_msgs: 4.9.1 (/opt/ros/humble/share/std_msgs/cmake)\n'}
[2.298600] (-) TimerEvent: {}
[2.314580] (tee_probe) StdoutLine: {'line': b'-- Found rosidl_generator_c: 3.1.8 (/opt/ros/humble/share/rosidl_generator_c/cmake)\n'}
[2.326929] (tee_probe) StdoutLine: {'line': b'-- Found rosidl_adapter: 3.1.8 (/opt/ros/humble/share/rosidl_adapter/cmake)\n'}
[2.343887] (tee_probe) StdoutLine: {'line': b'-- Found rosidl_generator_cpp: 3.1.8 (/opt/ros/humble/share/rosidl_generator_cpp/cmake)\n'}
[2.370566] (tee_probe) StdoutLine: {'line': b'-- Using all available rosidl_typesupport_c: rosidl_typesupport_fastrtps_c;rosidl_typesupport_introspection_c\n'}
[2.398093] (tee_probe) StdoutLine: {'line': b'-- Using all available rosidl_typesupport_cpp: rosidl_typesupport_fastrtps_cpp;rosidl_typesupport_introspection_cpp\n'}
[2.398661] (-) TimerEvent: {}
[2.435080] (tee_probe) StdoutLine: {'line': b'-- Found sensor_msgs: 4.9.1 (/opt/ros/humble/share/sensor_msgs/cmake)\n'}
[2.487517] (tee_probe) StdoutLine: {'line': b'-- Found ament_lint_auto: 0.12.15 (/opt/ros/humble/share/ament_lint_auto/cmake)\n'}
[2.498726] (-) TimerEvent: {}
[2.599055] (-) TimerEvent: {}
[2.699419] (-) TimerEvent: {}
[2.796652] (tee_probe) StdoutLine: {'line': b'-- Configuring done\n'}
[2.799483] (-) TimerEvent: {}
[2.899732] (-) TimerEvent: {}
[3.000018] (-) TimerEvent: {}
[3.100304] (-) TimerEvent: {}
[3.119494] (tee_probe) StdoutLine: {'line': b'-- Generating done\n'}
[3.200410] (-) TimerEvent: {}
[3.288886] (tee_probe) StdoutLine: {'line': b'-- Build files have been written to: /uio/hume/student-u78/nikithan/tee_probe_ws/ros2_ws/build/tee_probe\n'}
[3.294712] (tee_probe) CommandEnded: {'returncode': 0}
[3.295260] (tee_probe) JobProgress: {'identifier': 'tee_probe', 'progress': 'build'}
[3.296020] (tee_probe) Command: {'cmd': ['/usr/bin/cmake', '--build', '/uio/hume/student-u78/nikithan/tee_probe_ws/ros2_ws/build/tee_probe', '--', '-j4', '-l4'], 'cwd': '/uio/hume/student-u78/nikithan/tee_probe_ws/ros2_ws/build/tee_probe', 'env': OrderedDict([('SHLVL', '1'), ('LIBGL_ALWAYS_SOFTWARE', '1'), ('LD_LIBRARY_PATH', '/usr/lib/x86_64-linux-gnu/gazebo-11/plugins:/opt/ros/humble/opt/rviz_ogre_vendor/lib:/opt/ros/humble/lib/x86_64-linux-gnu:/opt/ros/humble/lib:/.singularity.d/libs'), ('HOME', '/uio/hume/student-u78/nikithan'), ('OLDPWD', '/uio/hume/student-u78/nikithan'), ('ROS_PYTHON_VERSION', '3'), ('PS1', 'Apptainer>'), ('APPTAINER_ENVIRONMENT', '/.singularity.d/env/91-environment.sh'), ('ROS_DISTRO', 'humble'), ('SINGULARITY_ENVIRONMENT', '/.singularity.d/env/91-environment.sh'), ('_', '/usr/bin/colcon'), ('ROS_VERSION', '2'), ('TERM', 'xterm-256color'), ('ROS_LOCALHOST_ONLY', '0'), ('PATH', '/opt/ros/humble/bin:/usr/local/sbin:/usr/local/bin:/usr/sbin:/usr/bin:/sbin:/bin'), ('APPTAINER_COMMAND', 'shell'), ('APPTAINER_APPNAME', ''), ('LANG', 'C.UTF-8'), ('AMENT_PREFIX_PATH', '/opt/ros/humble'), ('DEBIAN_FRONTEND', 'noninteractive'), ('SHELL', '/bin/bash'), ('APPTAINER_CONTAINER', '/uio/hume/student-u78/nikithan/tee_probe_full.sif'), ('APPTAINER_BIND', '/uio/hume/student-u78/nikithan'), ('SINGULARITY_CONTAINER', '/uio/hume/student-u78/nikithan/tee_probe_full.sif'), ('SINGULARITY_BIND', '/uio/hume/student-u78/nikithan'), ('PWD', '/uio/hume/student-u78/nikithan/tee_probe_ws/ros2_ws/build/tee_probe'), ('APPTAINER_NAME', 'tee_probe_full.sif'), ('LC_ALL', 'C.UTF-8'), ('PYTHONPATH', '/opt/ros/humble/lib/python3.10/site-packages:/opt/ros/humble/local/lib/python3.10/dist-packages'), ('SINGULARITY_NAME', 'tee_probe_full.sif'), ('COLCON', '1'), ('CMAKE_PREFIX_PATH', '/opt/ros/humble')]), 'shell': False}
[3.300478] (-) TimerEvent: {}
[3.392834] (tee_probe) CommandEnded: {'returncode': 0}
[3.394374] (tee_probe) JobProgress: {'identifier': 'tee_probe', 'progress': 'install'}
[3.400558] (-) TimerEvent: {}
[3.408221] (tee_probe) Command: {'cmd': ['/usr/bin/cmake', '--install', '/uio/hume/student-u78/nikithan/tee_probe_ws/ros2_ws/build/tee_probe'], 'cwd': '/uio/hume/student-u78/nikithan/tee_probe_ws/ros2_ws/build/tee_probe', 'env': OrderedDict([('SHLVL', '1'), ('LIBGL_ALWAYS_SOFTWARE', '1'), ('LD_LIBRARY_PATH', '/usr/lib/x86_64-linux-gnu/gazebo-11/plugins:/opt/ros/humble/opt/rviz_ogre_vendor/lib:/opt/ros/humble/lib/x86_64-linux-gnu:/opt/ros/humble/lib:/.singularity.d/libs'), ('HOME', '/uio/hume/student-u78/nikithan'), ('OLDPWD', '/uio/hume/student-u78/nikithan'), ('ROS_PYTHON_VERSION', '3'), ('PS1', 'Apptainer>'), ('APPTAINER_ENVIRONMENT', '/.singularity.d/env/91-environment.sh'), ('ROS_DISTRO', 'humble'), ('SINGULARITY_ENVIRONMENT', '/.singularity.d/env/91-environment.sh'), ('_', '/usr/bin/colcon'), ('ROS_VERSION', '2'), ('TERM', 'xterm-256color'), ('ROS_LOCALHOST_ONLY', '0'), ('PATH', '/opt/ros/humble/bin:/usr/local/sbin:/usr/local/bin:/usr/sbin:/usr/bin:/sbin:/bin'), ('APPTAINER_COMMAND', 'shell'), ('APPTAINER_APPNAME', ''), ('LANG', 'C.UTF-8'), ('AMENT_PREFIX_PATH', '/opt/ros/humble'), ('DEBIAN_FRONTEND', 'noninteractive'), ('SHELL', '/bin/bash'), ('APPTAINER_CONTAINER', '/uio/hume/student-u78/nikithan/tee_probe_full.sif'), ('APPTAINER_BIND', '/uio/hume/student-u78/nikithan'), ('SINGULARITY_CONTAINER', '/uio/hume/student-u78/nikithan/tee_probe_full.sif'), ('SINGULARITY_BIND', '/uio/hume/student-u78/nikithan'), ('PWD', '/uio/hume/student-u78/nikithan/tee_probe_ws/ros2_ws/build/tee_probe'), ('APPTAINER_NAME', 'tee_probe_full.sif'), ('LC_ALL', 'C.UTF-8'), ('PYTHONPATH', '/opt/ros/humble/lib/python3.10/site-packages:/opt/ros/humble/local/lib/python3.10/dist-packages'), ('SINGULARITY_NAME', 'tee_probe_full.sif'), ('COLCON', '1'), ('CMAKE_PREFIX_PATH', '/opt/ros/humble')]), 'shell': False}
[3.420452] (tee_probe) StdoutLine: {'line': b'-- Install configuration: ""\n'}
[3.420622] (tee_probe) StdoutLine: {'line': b'-- Installing: /uio/hume/student-u78/nikithan/tee_probe_ws/ros2_ws/install/tee_probe/share/tee_probe//launch\n'}
[3.424626] (tee_probe) StdoutLine: {'line': b'-- Installing: /uio/hume/student-u78/nikithan/tee_probe_ws/ros2_ws/install/tee_probe/share/tee_probe//launch/tee_simulation.launch.py\n'}
[3.427793] (tee_probe) StdoutLine: {'line': b'-- Installing: /uio/hume/student-u78/nikithan/tee_probe_ws/ros2_ws/install/tee_probe/share/tee_probe//launch/tee_training.launch.py\n'}
[3.446880] (tee_probe) StdoutLine: {'line': b'-- Installing: /uio/hume/student-u78/nikithan/tee_probe_ws/ros2_ws/install/tee_probe/share/tee_probe//config\n'}
[3.462809] (tee_probe) StdoutLine: {'line': b'-- Installing: /uio/hume/student-u78/nikithan/tee_probe_ws/ros2_ws/install/tee_probe/share/tee_probe//config/tee_controllers.yaml\n'}
[3.475495] (tee_probe) StdoutLine: {'line': b'-- Installing: /uio/hume/student-u78/nikithan/tee_probe_ws/ros2_ws/install/tee_probe/share/tee_probe//urdf\n'}
[3.496081] (tee_probe) StdoutLine: {'line': b'-- Installing: /uio/hume/student-u78/nikithan/tee_probe_ws/ros2_ws/install/tee_probe/share/tee_probe//urdf/tee_probe.urdf\n'}
[3.499621] (tee_probe) StdoutLine: {'line': b'-- Installing: /uio/hume/student-u78/nikithan/tee_probe_ws/ros2_ws/install/tee_probe/share/tee_probe//scripts\n'}
[3.500630] (-) TimerEvent: {}
[3.501641] (tee_probe) StdoutLine: {'line': b'-- Installing: /uio/hume/student-u78/nikithan/tee_probe_ws/ros2_ws/install/tee_probe/share/tee_probe//scripts/train_tee_probe.py\n'}
[3.505833] (tee_probe) StdoutLine: {'line': b'-- Installing: /uio/hume/student-u78/nikithan/tee_probe_ws/ros2_ws/install/tee_probe/share/tee_probe//scripts/drl_controller_node.py\n'}
[3.509652] (tee_probe) StdoutLine: {'line': b'-- Installing: /uio/hume/student-u78/nikithan/tee_probe_ws/ros2_ws/install/tee_probe/share/tee_probe//scripts/manual_control_node.py\n'}
[3.527962] (tee_probe) StdoutLine: {'line': b'-- Installing: /uio/hume/student-u78/nikithan/tee_probe_ws/ros2_ws/install/tee_probe/share/tee_probe//scripts/tee_probe_env.py\n'}
[3.540395] (tee_probe) StdoutLine: {'line': b'-- Installing: /uio/hume/student-u78/nikithan/tee_probe_ws/ros2_ws/install/tee_probe/share/tee_probe//models\n'}
[3.567578] (tee_probe) StdoutLine: {'line': b'-- Installing: /uio/hume/student-u78/nikithan/tee_probe_ws/ros2_ws/install/tee_probe/lib/tee_probe/drl_controller_node.py\n'}
[3.583747] (tee_probe) StdoutLine: {'line': b'-- Installing: /uio/hume/student-u78/nikithan/tee_probe_ws/ros2_ws/install/tee_probe/lib/tee_probe/tee_probe_env.py\n'}
[3.588064] (tee_probe) StdoutLine: {'line': b'-- Installing: /uio/hume/student-u78/nikithan/tee_probe_ws/ros2_ws/install/tee_probe/lib/tee_probe/train_tee_probe.py\n'}
[3.590523] (tee_probe) StdoutLine: {'line': b'-- Installing: /uio/hume/student-u78/nikithan/tee_probe_ws/ros2_ws/install/tee_probe/lib/tee_probe/manual_control_node.py\n'}
[3.600737] (-) TimerEvent: {}
[3.652922] (tee_probe) StdoutLine: {'line': b'-- Installing: /uio/hume/student-u78/nikithan/tee_probe_ws/ros2_ws/install/tee_probe/share/ament_index/resource_index/package_run_dependencies/tee_probe\n'}
[3.687304] (tee_probe) StdoutLine: {'line': b'-- Installing: /uio/hume/student-u78/nikithan/tee_probe_ws/ros2_ws/install/tee_probe/share/ament_index/resource_index/parent_prefix_path/tee_probe\n'}
[3.699510] (tee_probe) StdoutLine: {'line': b'-- Installing: /uio/hume/student-u78/nikithan/tee_probe_ws/ros2_ws/install/tee_probe/share/tee_probe/environment/ament_prefix_path.sh\n'}
[3.700799] (-) TimerEvent: {}
[3.714474] (tee_probe) StdoutLine: {'line': b'-- Installing: /uio/hume/student-u78/nikithan/tee_probe_ws/ros2_ws/install/tee_probe/share/tee_probe/environment/ament_prefix_path.dsv\n'}
[3.737747] (tee_probe) StdoutLine: {'line': b'-- Installing: /uio/hume/student-u78/nikithan/tee_probe_ws/ros2_ws/install/tee_probe/share/tee_probe/environment/path.sh\n'}
[3.774698] (tee_probe) StdoutLine: {'line': b'-- Installing: /uio/hume/student-u78/nikithan/tee_probe_ws/ros2_ws/install/tee_probe/share/tee_probe/environment/path.dsv\n'}
[3.800924] (-) TimerEvent: {}
[3.818001] (tee_probe) StdoutLine: {'line': b'-- Installing: /uio/hume/student-u78/nikithan/tee_probe_ws/ros2_ws/install/tee_probe/share/tee_probe/local_setup.bash\n'}
[3.821439] (tee_probe) StdoutLine: {'line': b'-- Installing: /uio/hume/student-u78/nikithan/tee_probe_ws/ros2_ws/install/tee_probe/share/tee_probe/local_setup.sh\n'}
[3.825845] (tee_probe) StdoutLine: {'line': b'-- Installing: /uio/hume/student-u78/nikithan/tee_probe_ws/ros2_ws/install/tee_probe/share/tee_probe/local_setup.zsh\n'}
[3.857144] (tee_probe) StdoutLine: {'line': b'-- Installing: /uio/hume/student-u78/nikithan/tee_probe_ws/ros2_ws/install/tee_probe/share/tee_probe/local_setup.dsv\n'}
[3.862516] (tee_probe) StdoutLine: {'line': b'-- Installing: /uio/hume/student-u78/nikithan/tee_probe_ws/ros2_ws/install/tee_probe/share/tee_probe/package.dsv\n'}
[3.868903] (tee_probe) StdoutLine: {'line': b'-- Installing: /uio/hume/student-u78/nikithan/tee_probe_ws/ros2_ws/install/tee_probe/share/ament_index/resource_index/packages/tee_probe\n'}
[3.887649] (tee_probe) StdoutLine: {'line': b'-- Installing: /uio/hume/student-u78/nikithan/tee_probe_ws/ros2_ws/install/tee_probe/share/tee_probe/cmake/tee_probeConfig.cmake\n'}
[3.890868] (tee_probe) StdoutLine: {'line': b'-- Installing: /uio/hume/student-u78/nikithan/tee_probe_ws/ros2_ws/install/tee_probe/share/tee_probe/cmake/tee_probeConfig-version.cmake\n'}
[3.900995] (-) TimerEvent: {}
[3.938762] (tee_probe) StdoutLine: {'line': b'-- Installing: /uio/hume/student-u78/nikithan/tee_probe_ws/ros2_ws/install/tee_probe/share/tee_probe/package.xml\n'}
[3.950268] (tee_probe) CommandEnded: {'returncode': 0}
[4.001083] (-) TimerEvent: {}
[4.101382] (-) TimerEvent: {}
[4.106508] (tee_probe) JobEnded: {'identifier': 'tee_probe', 'rc': 0}
[4.135380] (-) EventReactorShutdown: {}
