-- Install configuration: ""
-- Up-to-date: /uio/hume/student-u78/nikithan/tee_probe_ws/ros2_ws/install/tee_probe/share/tee_probe//launch
-- Up-to-date: /uio/hume/student-u78/nikithan/tee_probe_ws/ros2_ws/install/tee_probe/share/tee_probe//launch/tee_simulation.launch.py
-- Up-to-date: /uio/hume/student-u78/nikithan/tee_probe_ws/ros2_ws/install/tee_probe/share/tee_probe//launch/tee_training.launch.py
-- Up-to-date: /uio/hume/student-u78/nikithan/tee_probe_ws/ros2_ws/install/tee_probe/share/tee_probe//config
-- Up-to-date: /uio/hume/student-u78/nikithan/tee_probe_ws/ros2_ws/install/tee_probe/share/tee_probe//config/tee_controllers.yaml
-- Up-to-date: /uio/hume/student-u78/nikithan/tee_probe_ws/ros2_ws/install/tee_probe/share/tee_probe//urdf
-- Installing: /uio/hume/student-u78/nikithan/tee_probe_ws/ros2_ws/install/tee_probe/share/tee_probe//urdf/tee_probe.urdf
-- Up-to-date: /uio/hume/student-u78/nikithan/tee_probe_ws/ros2_ws/install/tee_probe/share/tee_probe//scripts
-- Installing: /uio/hume/student-u78/nikithan/tee_probe_ws/ros2_ws/install/tee_probe/share/tee_probe//scripts/train_tee_probe.py
-- Installing: /uio/hume/student-u78/nikithan/tee_probe_ws/ros2_ws/install/tee_probe/share/tee_probe//scripts/drl_controller_node.py
-- Up-to-date: /uio/hume/student-u78/nikithan/tee_probe_ws/ros2_ws/install/tee_probe/share/tee_probe//scripts/manual_control_node.py
-- Installing: /uio/hume/student-u78/nikithan/tee_probe_ws/ros2_ws/install/tee_probe/share/tee_probe//scripts/tee_probe_env.py
-- Installing: /uio/hume/student-u78/nikithan/tee_probe_ws/ros2_ws/install/tee_probe/share/tee_probe//scripts/__pycache__
-- Installing: /uio/hume/student-u78/nikithan/tee_probe_ws/ros2_ws/install/tee_probe/share/tee_probe//scripts/__pycache__/tee_probe_env.cpython-310.pyc
-- Installing: /uio/hume/student-u78/nikithan/tee_probe_ws/ros2_ws/install/tee_probe/share/tee_probe//scripts/__pycache__/trajectory_callback.cpython-310.pyc
-- Installing: /uio/hume/student-u78/nikithan/tee_probe_ws/ros2_ws/install/tee_probe/share/tee_probe//scripts/train_tee_probe_with_plots.py
-- Installing: /uio/hume/student-u78/nikithan/tee_probe_ws/ros2_ws/install/tee_probe/share/tee_probe//scripts/trajectory_callback.py
-- Up-to-date: /uio/hume/student-u78/nikithan/tee_probe_ws/ros2_ws/install/tee_probe/share/tee_probe//models
-- Installing: /uio/hume/student-u78/nikithan/tee_probe_ws/ros2_ws/install/tee_probe/lib/tee_probe/drl_controller_node.py
-- Installing: /uio/hume/student-u78/nikithan/tee_probe_ws/ros2_ws/install/tee_probe/lib/tee_probe/tee_probe_env.py
-- Installing: /uio/hume/student-u78/nikithan/tee_probe_ws/ros2_ws/install/tee_probe/lib/tee_probe/train_tee_probe.py
-- Up-to-date: /uio/hume/student-u78/nikithan/tee_probe_ws/ros2_ws/install/tee_probe/lib/tee_probe/manual_control_node.py
-- Up-to-date: /uio/hume/student-u78/nikithan/tee_probe_ws/ros2_ws/install/tee_probe/share/ament_index/resource_index/package_run_dependencies/tee_probe
-- Up-to-date: /uio/hume/student-u78/nikithan/tee_probe_ws/ros2_ws/install/tee_probe/share/ament_index/resource_index/parent_prefix_path/tee_probe
-- Up-to-date: /uio/hume/student-u78/nikithan/tee_probe_ws/ros2_ws/install/tee_probe/share/tee_probe/environment/ament_prefix_path.sh
-- Up-to-date: /uio/hume/student-u78/nikithan/tee_probe_ws/ros2_ws/install/tee_probe/share/tee_probe/environment/ament_prefix_path.dsv
-- Up-to-date: /uio/hume/student-u78/nikithan/tee_probe_ws/ros2_ws/install/tee_probe/share/tee_probe/environment/path.sh
-- Up-to-date: /uio/hume/student-u78/nikithan/tee_probe_ws/ros2_ws/install/tee_probe/share/tee_probe/environment/path.dsv
-- Up-to-date: /uio/hume/student-u78/nikithan/tee_probe_ws/ros2_ws/install/tee_probe/share/tee_probe/local_setup.bash
-- Up-to-date: /uio/hume/student-u78/nikithan/tee_probe_ws/ros2_ws/install/tee_probe/share/tee_probe/local_setup.sh
-- Up-to-date: /uio/hume/student-u78/nikithan/tee_probe_ws/ros2_ws/install/tee_probe/share/tee_probe/local_setup.zsh
-- Up-to-date: /uio/hume/student-u78/nikithan/tee_probe_ws/ros2_ws/install/tee_probe/share/tee_probe/local_setup.dsv
-- Installing: /uio/hume/student-u78/nikithan/tee_probe_ws/ros2_ws/install/tee_probe/share/tee_probe/package.dsv
-- Up-to-date: /uio/hume/student-u78/nikithan/tee_probe_ws/ros2_ws/install/tee_probe/share/ament_index/resource_index/packages/tee_probe
-- Up-to-date: /uio/hume/student-u78/nikithan/tee_probe_ws/ros2_ws/install/tee_probe/share/tee_probe/cmake/tee_probeConfig.cmake
-- Up-to-date: /uio/hume/student-u78/nikithan/tee_probe_ws/ros2_ws/install/tee_probe/share/tee_probe/cmake/tee_probeConfig-version.cmake
-- Up-to-date: /uio/hume/student-u78/nikithan/tee_probe_ws/ros2_ws/install/tee_probe/share/tee_probe/package.xml
